Component: ARM Compiler 5.05 update 1 (build 106) Tool: armlink [4d0efa]

==============================================================================

Section Cross References

    main.o(i.main) refers to _printf_percent.o(.ARM.Collect$$_printf_percent$$00000000) for _printf_percent
    main.o(i.main) refers to _printf_f.o(.ARM.Collect$$_printf_percent$$00000003) for _printf_f
    main.o(i.main) refers to printf1.o(x$fpl$printf1) for _printf_fp_dec
    main.o(i.main) refers to delay.o(i.delay_init) for delay_init
    main.o(i.main) refers to misc.o(i.NVIC_PriorityGroupConfig) for NVIC_PriorityGroupConfig
    main.o(i.main) refers to usart.o(i.uart_init) for uart_init
    main.o(i.main) refers to max6675.o(i.SPI_MAX6675_Init) for SPI_MAX6675_Init
    main.o(i.main) refers to pwm.o(i.TIM4_PWM_Init) for TIM4_PWM_Init
    main.o(i.main) refers to tim3.o(i.TIM3_Int_Init) for TIM3_Int_Init
    main.o(i.main) refers to pwm.o(i.PWM_Channel1_Set) for PWM_Channel1_Set
    main.o(i.main) refers to pwm.o(i.PWM_Channel2_Set) for PWM_Channel2_Set
    main.o(i.main) refers to pwm.o(i.PWM_Channel3_Set) for PWM_Channel3_Set
    main.o(i.main) refers to pwm.o(i.PWM_Channel4_Set) for PWM_Channel4_Set
    main.o(i.main) refers to max6675.o(i.Get_temprature) for Get_temprature
    main.o(i.main) refers to dc_pid.o(i.dc_pid_init) for dc_pid_init
    main.o(i.main) refers to noretval__2printf.o(.text) for __2printf
    main.o(i.main) refers to faddsub_clz.o(x$fpl$fsub) for __aeabi_fsub
    main.o(i.main) refers to frleqf.o(x$fpl$frleqf) for __aeabi_cfrcmple
    main.o(i.main) refers to dc_pid.o(i.dc_pid_calc) for dc_pid_calc
    main.o(i.main) refers to ffixu.o(x$fpl$ffixu) for __aeabi_f2uiz
    main.o(i.main) refers to dflt_clz.o(x$fpl$dfltu) for __aeabi_ui2d
    main.o(i.main) refers to f2d.o(x$fpl$f2d) for __aeabi_f2d
    main.o(i.main) refers to main.o(.data) for .data
    main.o(i.main) refers to main.o(.bss) for .bss
    system_stm32f10x.o(i.SystemCoreClockUpdate) refers to system_stm32f10x.o(.data) for .data
    system_stm32f10x.o(i.SystemInit) refers to system_stm32f10x.o(i.SetSysClockTo72) for SetSysClockTo72
    max6675.o(i.Get_temprature) refers to max6675.o(i.MAX6675_ReadByte) for MAX6675_ReadByte
    max6675.o(i.Get_temprature) refers to dflt_clz.o(x$fpl$dfltu) for __aeabi_ui2d
    max6675.o(i.Get_temprature) refers to scalbn.o(x$fpl$scalbn) for __ARM_scalbn
    max6675.o(i.Get_temprature) refers to d2f.o(x$fpl$d2f) for __aeabi_d2f
    max6675.o(i.Get_temprature) refers to noretval__2printf.o(.text) for __2printf
    max6675.o(i.MAX6675_ReadByte) refers to stm32f10x_spi.o(i.SPI_I2S_GetFlagStatus) for SPI_I2S_GetFlagStatus
    max6675.o(i.MAX6675_ReadByte) refers to stm32f10x_spi.o(i.SPI_I2S_SendData) for SPI_I2S_SendData
    max6675.o(i.MAX6675_ReadByte) refers to stm32f10x_spi.o(i.SPI_I2S_ReceiveData) for SPI_I2S_ReceiveData
    max6675.o(i.SPI_MAX6675_Init) refers to stm32f10x_rcc.o(i.RCC_APB2PeriphClockCmd) for RCC_APB2PeriphClockCmd
    max6675.o(i.SPI_MAX6675_Init) refers to stm32f10x_gpio.o(i.GPIO_Init) for GPIO_Init
    max6675.o(i.SPI_MAX6675_Init) refers to stm32f10x_gpio.o(i.GPIO_SetBits) for GPIO_SetBits
    max6675.o(i.SPI_MAX6675_Init) refers to stm32f10x_spi.o(i.SPI_Init) for SPI_Init
    max6675.o(i.SPI_MAX6675_Init) refers to stm32f10x_spi.o(i.SPI_Cmd) for SPI_Cmd
    pwm.o(i.PWM_Channel1_Set) refers to stm32f10x_tim.o(i.TIM_SetCompare1) for TIM_SetCompare1
    pwm.o(i.PWM_Channel2_Set) refers to stm32f10x_tim.o(i.TIM_SetCompare2) for TIM_SetCompare2
    pwm.o(i.PWM_Channel3_Set) refers to stm32f10x_tim.o(i.TIM_SetCompare3) for TIM_SetCompare3
    pwm.o(i.PWM_Channel4_Set) refers to stm32f10x_tim.o(i.TIM_SetCompare4) for TIM_SetCompare4
    pwm.o(i.TIM4_GPIO_Config) refers to stm32f10x_rcc.o(i.RCC_APB2PeriphClockCmd) for RCC_APB2PeriphClockCmd
    pwm.o(i.TIM4_GPIO_Config) refers to stm32f10x_rcc.o(i.RCC_APB1PeriphClockCmd) for RCC_APB1PeriphClockCmd
    pwm.o(i.TIM4_GPIO_Config) refers to stm32f10x_gpio.o(i.GPIO_Init) for GPIO_Init
    pwm.o(i.TIM4_GPIO_Config) refers to stm32f10x_gpio.o(i.GPIO_SetBits) for GPIO_SetBits
    pwm.o(i.TIM4_Mode_Config) refers to stm32f10x_tim.o(i.TIM_TimeBaseInit) for TIM_TimeBaseInit
    pwm.o(i.TIM4_Mode_Config) refers to stm32f10x_tim.o(i.TIM_OC1Init) for TIM_OC1Init
    pwm.o(i.TIM4_Mode_Config) refers to stm32f10x_tim.o(i.TIM_OC1PreloadConfig) for TIM_OC1PreloadConfig
    pwm.o(i.TIM4_Mode_Config) refers to stm32f10x_tim.o(i.TIM_OC2Init) for TIM_OC2Init
    pwm.o(i.TIM4_Mode_Config) refers to stm32f10x_tim.o(i.TIM_OC2PreloadConfig) for TIM_OC2PreloadConfig
    pwm.o(i.TIM4_Mode_Config) refers to stm32f10x_tim.o(i.TIM_OC3Init) for TIM_OC3Init
    pwm.o(i.TIM4_Mode_Config) refers to stm32f10x_tim.o(i.TIM_OC3PreloadConfig) for TIM_OC3PreloadConfig
    pwm.o(i.TIM4_Mode_Config) refers to stm32f10x_tim.o(i.TIM_OC4Init) for TIM_OC4Init
    pwm.o(i.TIM4_Mode_Config) refers to stm32f10x_tim.o(i.TIM_OC4PreloadConfig) for TIM_OC4PreloadConfig
[...]
    Removing stm32f10x_tim.o(i.TIM_ForcedOC4Config), (20 bytes).
    Removing stm32f10x_tim.o(i.TIM_GenerateEvent), (4 bytes).
    Removing stm32f10x_tim.o(i.TIM_GetCapture1), (4 bytes).
    Removing stm32f10x_tim.o(i.TIM_GetCapture2), (4 bytes).
    Removing stm32f10x_tim.o(i.TIM_GetCapture3), (4 bytes).
    Removing stm32f10x_tim.o(i.TIM_GetCapture4), (6 bytes).
    Removing stm32f10x_tim.o(i.TIM_GetCounter), (4 bytes).
    Removing stm32f10x_tim.o(i.TIM_GetFlagStatus), (14 bytes).
    Removing stm32f10x_tim.o(i.TIM_GetPrescaler), (4 bytes).
    Removing stm32f10x_tim.o(i.TIM_ICInit), (300 bytes).
    Removing stm32f10x_tim.o(i.TIM_ICStructInit), (16 bytes).
    Removing stm32f10x_tim.o(i.TIM_ITRxExternalClockConfig), (18 bytes).
    Removing stm32f10x_tim.o(i.TIM_InternalClockConfig), (10 bytes).
    Removing stm32f10x_tim.o(i.TIM_OC1FastConfig), (12 bytes).
    Removing stm32f10x_tim.o(i.TIM_OC1NPolarityConfig), (12 bytes).
    Removing stm32f10x_tim.o(i.TIM_OC1PolarityConfig), (12 bytes).
    Removing stm32f10x_tim.o(i.TIM_OC2FastConfig), (20 bytes).
    Removing stm32f10x_tim.o(i.TIM_OC2NPolarityConfig), (20 bytes).
    Removing stm32f10x_tim.o(i.TIM_OC2PolarityConfig), (20 bytes).
    Removing stm32f10x_tim.o(i.TIM_OC3FastConfig), (12 bytes).
    Removing stm32f10x_tim.o(i.TIM_OC3NPolarityConfig), (20 bytes).
    Removing stm32f10x_tim.o(i.TIM_OC3PolarityConfig), (20 bytes).
    Removing stm32f10x_tim.o(i.TIM_OC4FastConfig), (20 bytes).
    Removing stm32f10x_tim.o(i.TIM_OC4PolarityConfig), (20 bytes).
    Removing stm32f10x_tim.o(i.TIM_OCStructInit), (20 bytes).
    Removing stm32f10x_tim.o(i.TIM_PWMIConfig), (108 bytes).
    Removing stm32f10x_tim.o(i.TIM_PrescalerConfig), (6 bytes).
    Removing stm32f10x_tim.o(i.TIM_SelectCCDMA), (20 bytes).
    Removing stm32f10x_tim.o(i.TIM_SelectCOM), (20 bytes).
    Removing stm32f10x_tim.o(i.TIM_SelectHallSensor), (20 bytes).
    Removing stm32f10x_tim.o(i.TIM_SelectInputTrigger), (12 bytes).
    Removing stm32f10x_tim.o(i.TIM_SelectMasterSlaveMode), (16 bytes).
    Removing stm32f10x_tim.o(i.TIM_SelectOCxM), (70 bytes).
    Removing stm32f10x_tim.o(i.TIM_SelectOnePulseMode), (16 bytes).
    Removing stm32f10x_tim.o(i.TIM_SelectOutputTrigger), (16 bytes).
    Removing stm32f10x_tim.o(i.TIM_SelectSlaveMode), (16 bytes).
    Removing stm32f10x_tim.o(i.TIM_SetAutoreload), (4 bytes).
    Removing stm32f10x_tim.o(i.TIM_SetClockDivision), (16 bytes).
    Removing stm32f10x_tim.o(i.TIM_SetCounter), (4 bytes).
    Removing stm32f10x_tim.o(i.TIM_SetIC1Prescaler), (16 bytes).
    Removing stm32f10x_tim.o(i.TIM_SetIC2Prescaler), (24 bytes).
    Removing stm32f10x_tim.o(i.TIM_SetIC3Prescaler), (16 bytes).
    Removing stm32f10x_tim.o(i.TIM_SetIC4Prescaler), (24 bytes).
    Removing stm32f10x_tim.o(i.TIM_TIxExternalClockConfig), (46 bytes).
    Removing stm32f10x_tim.o(i.TIM_TimeBaseStructInit), (18 bytes).
    Removing stm32f10x_tim.o(i.TIM_UpdateDisableConfig), (20 bytes).
    Removing stm32f10x_tim.o(i.TIM_UpdateRequestConfig), (20 bytes).

171 unused section(s) (total 4820 bytes) removed from the image.

==============================================================================

Image Symbol Table

    Local Symbols

    Symbol Name                              Value     Ov Type        Size  Object(Section)

    ../clib/angel/boardlib.s                 0x00000000   Number         0  boardinit1.o ABSOLUTE
    ../clib/angel/boardlib.s                 0x00000000   Number         0  boardinit2.o ABSOLUTE
    ../clib/angel/boardlib.s                 0x00000000   Number         0  boardinit3.o ABSOLUTE
    ../clib/angel/boardlib.s                 0x00000000   Number         0  boardshut.o ABSOLUTE
    ../clib/angel/handlers.s                 0x00000000   Number         0  __scatter_zi.o ABSOLUTE
    ../clib/angel/handlers.s                 0x00000000   Number         0  __scatter_copy.o ABSOLUTE
    ../clib/angel/kernel.s                   0x00000000   Number         0  __rtentry4.o ABSOLUTE
    ../clib/angel/kernel.s                   0x00000000   Number         0  __rtentry2.o ABSOLUTE
    ../clib/angel/kernel.s                   0x00000000   Number         0  __rtentry.o ABSOLUTE
    ../clib/angel/kernel.s                   0x00000000   Number         0  rtexit2.o ABSOLUTE
    ../clib/angel/kernel.s                   0x00000000   Number         0  rtexit.o ABSOLUTE
    ../clib/angel/rt.s                       0x00000000   Number         0  rt_locale_intlibspace.o ABSOLUTE
    ../clib/angel/rt.s                       0x00000000   Number         0  rt_locale.o ABSOLUTE
    ../clib/angel/rt.s                       0x00000000   Number         0  rt_raise.o ABSOLUTE
    ../clib/angel/scatter.s                  0x00000000   Number         0  __scatter.o ABSOLUTE
    ../clib/angel/startup.s                  0x00000000   Number         0  __main.o ABSOLUTE
    ../clib/angel/sys.s                      0x00000000   Number         0  sys_stackheap_outer.o ABSOLUTE
    ../clib/angel/sys.s                      0x00000000   Number         0  use_no_semi_2.o ABSOLUTE
    ../clib/angel/sys.s                      0x00000000   Number         0  indicate_semi.o ABSOLUTE
    ../clib/angel/sys.s                      0x00000000   Number         0  use_no_semi.o ABSOLUTE
    ../clib/angel/sys.s                      0x00000000   Number         0  libspace.o ABSOLUTE
    ../clib/angel/sysapp.c                   0x00000000   Number         0  sys_command.o ABSOLUTE
    ../clib/angel/sysapp.c                   0x00000000   Number         0  sys_wrch.o ABSOLUTE
    ../clib/armsys.c                         0x00000000   Number         0  argv_veneer.o ABSOLUTE
    ../clib/armsys.c                         0x00000000   Number         0  argv_veneer.o ABSOLUTE
    ../clib/armsys.c                         0x00000000   Number         0  _get_argv_nomalloc.o ABSOLUTE
    ../clib/armsys.c                         0x00000000   Number         0  no_argv.o ABSOLUTE
    ../clib/bigflt.c                         0x00000000   Number         0  bigflt0.o ABSOLUTE
    ../clib/btod.s                           0x00000000   Number         0  btod.o ABSOLUTE
    ../clib/heapalloc.c                      0x00000000   Number         0  hrguard.o ABSOLUTE
    ../clib/heapaux.c                        0x00000000   Number         0  heapauxi.o ABSOLUTE
    ../clib/libinit.s                        0x00000000   Number         0  libshutdown.o ABSOLUTE
    ../clib/libinit.s                        0x00000000   Number         0  libinit2.o ABSOLUTE
    ../clib/libinit.s                        0x00000000   Number         0  libinit.o ABSOLUTE
    ../clib/libinit.s                        0x00000000   Number         0  libshutdown2.o ABSOLUTE
    ../clib/locale.s                         0x00000000   Number         0  lc_numeric_c.o ABSOLUTE
    ../clib/longlong.s                       0x00000000   Number         0  lludiv10.o ABSOLUTE
    ../clib/memcpset.s                       0x00000000   Number         0  strcmpv7m.o ABSOLUTE
    ../clib/printf.c                         0x00000000   Number         0  __printf_ss_wp.o ABSOLUTE
    ../clib/printf.c                         0x00000000   Number         0  __printf_flags_wp.o ABSOLUTE
    ../clib/printf.c                         0x00000000   Number         0  __printf_wp.o ABSOLUTE
    ../clib/printf.c                         0x00000000   Number         0  __printf_flags_ss.o ABSOLUTE
    ../clib/printf.c                         0x00000000   Number         0  __printf_ss.o ABSOLUTE
    ../clib/printf.c                         0x00000000   Number         0  __printf_flags.o ABSOLUTE
    ../clib/printf.c                         0x00000000   Number         0  _printf_char_common.o ABSOLUTE
    ../clib/printf.c                         0x00000000   Number         0  __printf.o ABSOLUTE
    ../clib/printf.c                         0x00000000   Number         0  __printf_nopercent.o ABSOLUTE
    ../clib/printf.c                         0x00000000   Number         0  noretval__2printf.o ABSOLUTE
    ../clib/printf.c                         0x00000000   Number         0  __2printf.o ABSOLUTE
    ../clib/printf.c                         0x00000000   Number         0  _printf_fp_dec.o ABSOLUTE
    ../clib/printf.c                         0x00000000   Number         0  _printf_char_file.o ABSOLUTE
    ../clib/printf.c                         0x00000000   Number         0  __printf_flags_ss_wp.o ABSOLUTE
    ../clib/printf.c                         0x00000000   Number         0  _printf_fp_infnan.o ABSOLUTE
    ../clib/printf_percent.s                 0x00000000   Number         0  _printf_percent_end.o ABSOLUTE
    ../clib/printf_percent.s                 0x00000000   Number         0  _printf_percent.o ABSOLUTE
    ../clib/printf_percent.s                 0x00000000   Number         0  _printf_f.o ABSOLUTE
    ../clib/signal.c                         0x00000000   Number         0  defsig_exit.o ABSOLUTE
    ../clib/signal.c                         0x00000000   Number         0  defsig_stak_inner.o ABSOLUTE
    ../clib/signal.c                         0x00000000   Number         0  defsig_rtred_inner.o ABSOLUTE
    ../clib/signal.c                         0x00000000   Number         0  defsig_fpe_inner.o ABSOLUTE
    ../clib/signal.c                         0x00000000   Number         0  defsig_abrt_inner.o ABSOLUTE
    ../clib/signal.c                         0x00000000   Number         0  defsig_segv_inner.o ABSOLUTE
    ../clib/signal.c                         0x00000000   Number         0  defsig_general.o ABSOLUTE
    ../clib/signal.c                         0x00000000   Number         0  __raise.o ABSOLUTE
    ../clib/signal.c                         0x00000000   Number         0  defsig_rtmem_inner.o ABSOLUTE
    ../clib/signal.c                         0x00000000   Number         0  defsig_other.o ABSOLUTE
    ../clib/signal.c                         0x00000000   Number         0  defsig_rtmem_formal.o ABSOLUTE
    ../clib/signal.c                         0x00000000   Number         0  defsig_rtmem_outer.o ABSOLUTE
    ../clib/signal.c                         0x00000000   Number         0  defsig_pvfn_inner.o ABSOLUTE
    ../clib/signal.c                         0x00000000   Number         0  defsig_cppl_inner.o ABSOLUTE
    ../clib/signal.s                         0x00000000   Number         0  defsig.o ABSOLUTE
    ../clib/stdio.c                          0x00000000   Number         0  ferror.o ABSOLUTE
    ../clib/stdio.c                          0x00000000   Number         0  ferror_locked.o ABSOLUTE
    ../clib/stdlib.c                         0x00000000   Number         0  exit.o ABSOLUTE
    ../fplib/d2f.s                           0x00000000   Number         0  d2f.o ABSOLUTE
    ../fplib/daddsub.s                       0x00000000   Number         0  daddsub_clz.o ABSOLUTE
    ../fplib/dcheck1.s                       0x00000000   Number         0  dcheck1.o ABSOLUTE
    ../fplib/dfix.s                          0x00000000   Number         0  dfix.o ABSOLUTE
    ../fplib/dflt.s                          0x00000000   Number         0  dflt_clz.o ABSOLUTE
    ../fplib/dnaninf.s                       0x00000000   Number         0  dnaninf.o ABSOLUTE
    ../fplib/dretinf.s                       0x00000000   Number         0  dretinf.o ABSOLUTE
    ../fplib/f2d.s                           0x00000000   Number         0  f2d.o ABSOLUTE
    ../fplib/faddsub.s                       0x00000000   Number         0  faddsub_clz.o ABSOLUTE
    ../fplib/fcheck1.s                       0x00000000   Number         0  fcheck1.o ABSOLUTE
    ../fplib/fcmpi.s                         0x00000000   Number         0  fcmpi.o ABSOLUTE
    ../fplib/fdiv.s                          0x00000000   Number         0  fdiv.o ABSOLUTE
    ../fplib/ffixu.s                         0x00000000   Number         0  ffixu.o ABSOLUTE
    ../fplib/fleqf.s                         0x00000000   Number         0  fleqf.o ABSOLUTE
    ../fplib/fmul.s                          0x00000000   Number         0  fmul.o ABSOLUTE
    ../fplib/fnaninf.s                       0x00000000   Number         0  fnaninf.o ABSOLUTE
    ../fplib/fpinit.s                        0x00000000   Number         0  fpinit.o ABSOLUTE
    ../fplib/fretinf.s                       0x00000000   Number         0  fretinf.o ABSOLUTE
    ../fplib/frleqf.s                        0x00000000   Number         0  frleqf.o ABSOLUTE
    ../fplib/istatus.s                       0x00000000   Number         0  istatus.o ABSOLUTE
    ../fplib/printf1.s                       0x00000000   Number         0  printf1.o ABSOLUTE
    ../fplib/retnan.s                        0x00000000   Number         0  retnan.o ABSOLUTE
    ../fplib/scalbn.s                        0x00000000   Number         0  scalbn.o ABSOLUTE
    ../fplib/scalbnf.s                       0x00000000   Number         0  scalbnf.o ABSOLUTE
    ../fplib/trapv.s                         0x00000000   Number         0  trapv.o ABSOLUTE
    ../fplib/usenofp.s                       0x00000000   Number         0  usenofp.o ABSOLUTE
    ../mathlib/fpclassify.c                  0x00000000   Number         0  fpclassify.o ABSOLUTE
    ..\CORE\core_cm3.c                       0x00000000   Number         0  core_cm3.o ABSOLUTE
    ..\CORE\startup_stm32f10x_md.s           0x00000000   Number         0  startup_stm32f10x_md.o ABSOLUTE
    ..\HARDWARE\src\dc_pid.c                 0x00000000   Number         0  dc_pid.o ABSOLUTE
    ..\HARDWARE\src\fuzzyPID.c               0x00000000   Number         0  fuzzypid.o ABSOLUTE
    ..\HARDWARE\src\max6675.c                0x00000000   Number         0  max6675.o ABSOLUTE
    ..\HARDWARE\src\pwm.c                    0x00000000   Number         0  pwm.o ABSOLUTE
    ..\HARDWARE\src\tim3.c                   0x00000000   Number         0  tim3.o ABSOLUTE
    ..\STM32F10x_FWLib\src\misc.c            0x00000000   Number         0  misc.o ABSOLUTE
    ..\STM32F10x_FWLib\src\stm32f10x_gpio.c  0x00000000   Number         0  stm32f10x_gpio.o ABSOLUTE
    ..\STM32F10x_FWLib\src\stm32f10x_rcc.c   0x00000000   Number         0  stm32f10x_rcc.o ABSOLUTE
    ..\STM32F10x_FWLib\src\stm32f10x_spi.c   0x00000000   Number         0  stm32f10x_spi.o ABSOLUTE
    ..\STM32F10x_FWLib\src\stm32f10x_tim.c   0x00000000   Number         0  stm32f10x_tim.o ABSOLUTE
    ..\STM32F10x_FWLib\src\stm32f10x_usart.c 0x00000000   Number         0  stm32f10x_usart.o ABSOLUTE
    ..\SYSTEM\delay\delay.c                  0x00000000   Number         0  delay.o ABSOLUTE
    ..\SYSTEM\sys\sys.c                      0x00000000   Number         0  sys.o ABSOLUTE
    ..\SYSTEM\usart\usart.c                  0x00000000   Number         0  usart.o ABSOLUTE
    ..\\CORE\\core_cm3.c                     0x00000000   Number         0  core_cm3.o ABSOLUTE
    ..\\SYSTEM\\sys\\sys.c                   0x00000000   Number         0  sys.o ABSOLUTE
    dc.s                                     0x00000000   Number         0  dc.o ABSOLUTE
    main.c                                   0x00000000   Number         0  main.o ABSOLUTE
    stm32f10x_it.c                           0x00000000   Number         0  stm32f10x_it.o ABSOLUTE
    system_stm32f10x.c                       0x00000000   Number         0  system_stm32f10x.o ABSOLUTE
    RESET                                    0x08000000   Section      236  startup_stm32f10x_md.o(RESET)
    !!!main                                  0x080000ec   Section        8  __main.o(!!!main)
    !!!scatter                               0x080000f4   Section       52  __scatter.o(!!!scatter)
    !!handler_copy                           0x08000128   Section       26  __scatter_copy.o(!!handler_copy)
    !!handler_zi                             0x08000144   Section       28  __scatter_zi.o(!!handler_zi)
    .ARM.Collect$$_printf_percent$$00000000  0x08000160   Section        0  _printf_percent.o(.ARM.Collect$$_printf_percent$$00000000)
    .ARM.Collect$$_printf_percent$$00000003  0x08000160   Section        6  _printf_f.o(.ARM.Collect$$_printf_percent$$00000003)
    .ARM.Collect$$_printf_percent$$00000017  0x08000166   Section        4  _printf_percent_end.o(.ARM.Collect$$_printf_percent$$00000017)
    .ARM.Collect$$libinit$$00000000          0x0800016a   Section        2  libinit.o(.ARM.Collect$$libinit$$00000000)
    .ARM.Collect$$libinit$$00000002          0x0800016c   Section        0  libinit2.o(.ARM.Collect$$libinit$$00000002)
    .ARM.Collect$$libinit$$00000004          0x0800016c   Section        0  libinit2.o(.ARM.Collect$$libinit$$00000004)
    .ARM.Collect$$libinit$$0000000A          0x0800016c   Section        0  libinit2.o(.ARM.Collect$$libinit$$0000000A)
    .ARM.Collect$$libinit$$0000000C          0x0800016c   Section        0  libinit2.o(.ARM.Collect$$libinit$$0000000C)
    .ARM.Collect$$libinit$$0000000E          0x0800016c   Section        0  libinit2.o(.ARM.Collect$$libinit$$0000000E)
    .ARM.Collect$$libinit$$0000000F          0x0800016c   Section        6  libinit2.o(.ARM.Collect$$libinit$$0000000F)
    .ARM.Collect$$libinit$$00000011          0x08000172   Section        0  libinit2.o(.ARM.Collect$$libinit$$00000011)
    .ARM.Collect$$libinit$$00000013          0x08000172   Section        0  libinit2.o(.ARM.Collect$$libinit$$00000013)
    .ARM.Collect$$libinit$$00000015          0x08000172   Section        0  libinit2.o(.ARM.Collect$$libinit$$00000015)
    .ARM.Collect$$libinit$$00000016          0x08000172   Section       10  libinit2.o(.ARM.Collect$$libinit$$00000016)
    .ARM.Collect$$libinit$$00000017          0x0800017c   Section        0  libinit2.o(.ARM.Collect$$libinit$$00000017)
    .ARM.Collect$$libinit$$00000019          0x0800017c   Section        0  libinit2.o(.ARM.Collect$$libinit$$00000019)
    .ARM.Collect$$libinit$$0000001B          0x0800017c   Section        0  libinit2.o(.ARM.Collect$$libinit$$0000001B)
    .ARM.Collect$$libinit$$0000001D          0x0800017c   Section        0  libinit2.o(.ARM.Collect$$libinit$$0000001D)
    .ARM.Collect$$libinit$$0000001F          0x0800017c   Section        0  libinit2.o(.ARM.Collect$$libinit$$0000001F)
    .ARM.Collect$$libinit$$00000021          0x0800017c   Section        0  libinit2.o(.ARM.Collect$$libinit$$00000021)
    .ARM.Collect$$libinit$$00000023          0x0800017c   Section        0  libinit2.o(.ARM.Collect$$libinit$$00000023)
    .ARM.Collect$$libinit$$00000025          0x0800017c   Section        0  libinit2.o(.ARM.Collect$$libinit$$00000025)
    .ARM.Collect$$libinit$$0000002C          0x0800017c   Section        0  libinit2.o(.ARM.Collect$$libinit$$0000002C)
    .ARM.Collect$$libinit$$0000002E          0x0800017c   Section        0  libinit2.o(.ARM.Collect$$libinit$$0000002E)
    .ARM.Collect$$libinit$$00000030          0x0800017c   Section        0  libinit2.o(.ARM.Collect$$libinit$$00000030)
    .ARM.Collect$$libinit$$00000032          0x0800017c   Section        0  libinit2.o(.ARM.Collect$$libinit$$00000032)
    .ARM.Collect$$libinit$$00000033          0x0800017c   Section        2  libinit2.o(.ARM.Collect$$libinit$$00000033)
    .ARM.Collect$$libshutdown$$00000000      0x0800017e   Section        2  libshutdown.o(.ARM.Collect$$libshutdown$$00000000)
    .ARM.Collect$$libshutdown$$00000003      0x08000180   Section        0  libshutdown2.o(.ARM.Collect$$libshutdown$$00000003)
    .ARM.Collect$$libshutdown$$00000006      0x08000180   Section        0  libshutdown2.o(.ARM.Collect$$libshutdown$$00000006)
    .ARM.Collect$$libshutdown$$00000009      0x08000180   Section        0  libshutdown2.o(.ARM.Collect$$libshutdown$$00000009)
    .ARM.Collect$$libshutdown$$0000000B      0x08000180   Section        0  libshutdown2.o(.ARM.Collect$$libshutdown$$0000000B)
    .ARM.Collect$$libshutdown$$0000000E      0x08000180   Section        0  libshutdown2.o(.ARM.Collect$$libshutdown$$0000000E)
    .ARM.Collect$$libshutdown$$0000000F      0x08000180   Section        2  libshutdown2.o(.ARM.Collect$$libshutdown$$0000000F)
    .ARM.Collect$$rtentry$$00000000          0x08000182   Section        0  __rtentry.o(.ARM.Collect$$rtentry$$00000000)
    .ARM.Collect$$rtentry$$00000002          0x08000182   Section        0  __rtentry2.o(.ARM.Collect$$rtentry$$00000002)
    .ARM.Collect$$rtentry$$00000004          0x08000182   Section        6  __rtentry4.o(.ARM.Collect$$rtentry$$00000004)
    .ARM.Collect$$rtentry$$00000009          0x08000188   Section        0  __rtentry2.o(.ARM.Collect$$rtentry$$00000009)
    .ARM.Collect$$rtentry$$0000000A          0x08000188   Section        4  __rtentry2.o(.ARM.Collect$$rtentry$$0000000A)
    .ARM.Collect$$rtentry$$0000000C          0x0800018c   Section        0  __rtentry2.o(.ARM.Collect$$rtentry$$0000000C)
    .ARM.Collect$$rtentry$$0000000D          0x0800018c   Section        8  __rtentry2.o(.ARM.Collect$$rtentry$$0000000D)
    .ARM.Collect$$rtexit$$00000000           0x08000194   Section        2  rtexit.o(.ARM.Collect$$rtexit$$00000000)
    .ARM.Collect$$rtexit$$00000002           0x08000196   Section        0  rtexit2.o(.ARM.Collect$$rtexit$$00000002)
    .ARM.Collect$$rtexit$$00000003           0x08000196   Section        4  rtexit2.o(.ARM.Collect$$rtexit$$00000003)
    .ARM.Collect$$rtexit$$00000004           0x0800019a   Section        6  rtexit2.o(.ARM.Collect$$rtexit$$00000004)
    .text                                    0x080001a0   Section       64  startup_stm32f10x_md.o(.text)
    .text                                    0x080001e0   Section        2  use_no_semi_2.o(.text)
    .text                                    0x080001e4   Section        0  noretval__2printf.o(.text)
    .text                                    0x080001fc   Section        0  __printf.o(.text)
    .text                                    0x08000264   Section        0  heapauxi.o(.text)
    .text                                    0x0800026a   Section        2  use_no_semi.o(.text)
    .text                                    0x0800026c   Section        0  _printf_fp_dec.o(.text)
    _fp_digits                               0x0800026f   Thumb Code   428  _printf_fp_dec.o(.text)
    .text                                    0x08000688   Section        0  _printf_char_file.o(.text)
    .text                                    0x080006ac   Section        8  rt_locale_intlibspace.o(.text)
    .text                                    0x080006b4   Section      138  lludiv10.o(.text)
    .text                                    0x08000740   Section        0  _printf_char_common.o(.text)
    _printf_input_char                       0x08000741   Thumb Code    10  _printf_char_common.o(.text)
    .text                                    0x08000770   Section        0  _printf_fp_infnan.o(.text)
    .text                                    0x080007f0   Section        0  bigflt0.o(.text)
    .text                                    0x080008cc   Section        0  ferror.o(.text)
    .text                                    0x080008d4   Section        8  libspace.o(.text)
    .text                                    0x080008dc   Section       74  sys_stackheap_outer.o(.text)
    .text                                    0x08000926   Section        0  exit.o(.text)
    .text                                    0x08000934   Section      128  strcmpv7m.o(.text)
    CL$$btod_d2e                             0x080009b4   Section       62  btod.o(CL$$btod_d2e)
    CL$$btod_d2e_denorm_low                  0x080009f2   Section       70  btod.o(CL$$btod_d2e_denorm_low)
    CL$$btod_d2e_norm_op1                    0x08000a38   Section       96  btod.o(CL$$btod_d2e_norm_op1)
    CL$$btod_div_common                      0x08000a98   Section      824  btod.o(CL$$btod_div_common)
    CL$$btod_e2e                             0x08000dd0   Section      198  btod.o(CL$$btod_e2e)
    CL$$btod_ediv                            0x08000e96   Section       40  btod.o(CL$$btod_ediv)
    CL$$btod_emul                            0x08000ebe   Section       40  btod.o(CL$$btod_emul)
    CL$$btod_mult_common                     0x08000ee6   Section      580  btod.o(CL$$btod_mult_common)
    i.BusFault_Handler                       0x0800112a   Section        0  stm32f10x_it.o(i.BusFault_Handler)
    i.DebugMon_Handler                       0x0800112c   Section        0  stm32f10x_it.o(i.DebugMon_Handler)
    i.GPIO_Init                              0x0800112e   Section        0  stm32f10x_gpio.o(i.GPIO_Init)
    i.GPIO_SetBits                           0x080011ca   Section        0  stm32f10x_gpio.o(i.GPIO_SetBits)
    i.Get_temprature                         0x080011d0   Section        0  max6675.o(i.Get_temprature)
    i.HardFault_Handler                      0x08001230   Section        0  stm32f10x_it.o(i.HardFault_Handler)
    i.MAX6675_ReadByte                       0x08001234   Section        0  max6675.o(i.MAX6675_ReadByte)
    i.MemManage_Handler                      0x08001268   Section        0  stm32f10x_it.o(i.MemManage_Handler)
    i.NMI_Handler                            0x0800126a   Section        0  stm32f10x_it.o(i.NMI_Handler)
    i.NVIC_Init                              0x0800126c   Section        0  misc.o(i.NVIC_Init)
    i.NVIC_PriorityGroupConfig               0x080012d0   Section        0  misc.o(i.NVIC_PriorityGroupConfig)
    i.PWM_Channel1_Set                       0x080012e4   Section        0  pwm.o(i.PWM_Channel1_Set)
    i.PWM_Channel2_Set                       0x080012f0   Section        0  pwm.o(i.PWM_Channel2_Set)
    i.PWM_Channel3_Set                       0x080012fc   Section        0  pwm.o(i.PWM_Channel3_Set)
    i.PWM_Channel4_Set                       0x08001308   Section        0  pwm.o(i.PWM_Channel4_Set)
    i.PendSV_Handler                         0x08001314   Section        0  stm32f10x_it.o(i.PendSV_Handler)
    i.RCC_APB1PeriphClockCmd                 0x08001318   Section        0  stm32f10x_rcc.o(i.RCC_APB1PeriphClockCmd)
    i.RCC_APB2PeriphClockCmd                 0x08001330   Section        0  stm32f10x_rcc.o(i.RCC_APB2PeriphClockCmd)
    i.RCC_GetClocksFreq                      0x08001348   Section        0  stm32f10x_rcc.o(i.RCC_GetClocksFreq)
    i.SPI_Cmd                                0x080013dc   Section        0  stm32f10x_spi.o(i.SPI_Cmd)
    i.SPI_I2S_GetFlagStatus                  0x080013f0   Section        0  stm32f10x_spi.o(i.SPI_I2S_GetFlagStatus)
    i.SPI_I2S_ReceiveData                    0x080013fe   Section        0  stm32f10x_spi.o(i.SPI_I2S_ReceiveData)
    i.SPI_I2S_SendData                       0x08001402   Section        0  stm32f10x_spi.o(i.SPI_I2S_SendData)
    i.SPI_Init                               0x08001406   Section        0  stm32f10x_spi.o(i.SPI_Init)
    i.SPI_MAX6675_Init                       0x08001440   Section        0  max6675.o(i.SPI_MAX6675_Init)
    i.SVC_Handler                            0x080014d4   Section        0  stm32f10x_it.o(i.SVC_Handler)
    i.SetSysClockTo72                        0x080014d8   Section        0  system_stm32f10x.o(i.SetSysClockTo72)
    SetSysClockTo72                          0x080014d9   Thumb Code   160  system_stm32f10x.o(i.SetSysClockTo72)
    i.SysTick_CLKSourceConfig                0x08001580   Section        0  misc.o(i.SysTick_CLKSourceConfig)
    i.SysTick_Handler                        0x08001598   Section        0  stm32f10x_it.o(i.SysTick_Handler)
    i.SystemInit                             0x0800159c   Section        0  system_stm32f10x.o(i.SystemInit)
    i.TIM3_IRQHandler                        0x080015ec   Section        0  tim3.o(i.TIM3_IRQHandler)
    i.TIM3_Int_Init                          0x08001634   Section        0  tim3.o(i.TIM3_Int_Init)
    i.TIM4_GPIO_Config                       0x08001694   Section        0  pwm.o(i.TIM4_GPIO_Config)
    i.TIM4_Mode_Config                       0x080016e8   Section        0  pwm.o(i.TIM4_Mode_Config)
    i.TIM4_PWM_Init                          0x08001790   Section        0  pwm.o(i.TIM4_PWM_Init)
    i.TIM_ClearITPendingBit                  0x080017b6   Section        0  stm32f10x_tim.o(i.TIM_ClearITPendingBit)
    i.TIM_Cmd                                0x080017bc   Section        0  stm32f10x_tim.o(i.TIM_Cmd)
    i.TIM_GetITStatus                        0x080017d0   Section        0  stm32f10x_tim.o(i.TIM_GetITStatus)
    i.TIM_ITConfig                           0x080017e8   Section        0  stm32f10x_tim.o(i.TIM_ITConfig)
    i.TIM_OC1Init                            0x080017f8   Section        0  stm32f10x_tim.o(i.TIM_OC1Init)
    i.TIM_OC1PreloadConfig                   0x08001878   Section        0  stm32f10x_tim.o(i.TIM_OC1PreloadConfig)
    i.TIM_OC2Init                            0x08001884   Section        0  stm32f10x_tim.o(i.TIM_OC2Init)
    i.TIM_OC2PreloadConfig                   0x08001904   Section        0  stm32f10x_tim.o(i.TIM_OC2PreloadConfig)
    i.TIM_OC3Init                            0x08001918   Section        0  stm32f10x_tim.o(i.TIM_OC3Init)
    i.TIM_OC3PreloadConfig                   0x08001994   Section        0  stm32f10x_tim.o(i.TIM_OC3PreloadConfig)
    i.TIM_OC4Init                            0x080019a0   Section        0  stm32f10x_tim.o(i.TIM_OC4Init)
    i.TIM_OC4PreloadConfig                   0x08001a04   Section        0  stm32f10x_tim.o(i.TIM_OC4PreloadConfig)
    i.TIM_SetCompare1                        0x08001a18   Section        0  stm32f10x_tim.o(i.TIM_SetCompare1)
    i.TIM_SetCompare2                        0x08001a1c   Section        0  stm32f10x_tim.o(i.TIM_SetCompare2)
    i.TIM_SetCompare3                        0x08001a20   Section        0  stm32f10x_tim.o(i.TIM_SetCompare3)
    i.TIM_SetCompare4                        0x08001a24   Section        0  stm32f10x_tim.o(i.TIM_SetCompare4)
    i.TIM_TimeBaseInit                       0x08001a2c   Section        0  stm32f10x_tim.o(i.TIM_TimeBaseInit)
    i.USART1_IRQHandler                      0x08001ac8   Section        0  usart.o(i.USART1_IRQHandler)
    i.USART_Cmd                              0x08001aec   Section        0  stm32f10x_usart.o(i.USART_Cmd)
    i.USART_GetITStatus                      0x08001b00   Section        0  stm32f10x_usart.o(i.USART_GetITStatus)
    i.USART_ITConfig                         0x08001b3e   Section        0  stm32f10x_usart.o(i.USART_ITConfig)
    i.USART_Init                             0x08001b70   Section        0  stm32f10x_usart.o(i.USART_Init)
    i.USART_ReceiveData                      0x08001c1c   Section        0  stm32f10x_usart.o(i.USART_ReceiveData)
    i.UsageFault_Handler                     0x08001c24   Section        0  stm32f10x_it.o(i.UsageFault_Handler)
    i.__ARM_fpclassify                       0x08001c26   Section        0  fpclassify.o(i.__ARM_fpclassify)
    i._sys_exit                              0x08001c4e   Section        0  usart.o(i._sys_exit)
    i.dc_pid_calc                            0x08001c50   Section        0  dc_pid.o(i.dc_pid_calc)
    i.dc_pid_init                            0x08001d00   Section        0  dc_pid.o(i.dc_pid_init)
    i.delay_init                             0x08001d24   Section        0  delay.o(i.delay_init)
    i.fputc                                  0x08001d60   Section        0  usart.o(i.fputc)
    i.fuzzy                                  0x08001d78   Section        0  fuzzypid.o(i.fuzzy)
    i.main                                   0x080020c8   Section        0  main.o(i.main)
    i.uart_init                              0x08002238   Section        0  usart.o(i.uart_init)
    locale$$code                             0x080022d8   Section       44  lc_numeric_c.o(locale$$code)
    x$fpl$d2f                                0x08002304   Section       98  d2f.o(x$fpl$d2f)
    x$fpl$dadd                               0x08002368   Section      336  daddsub_clz.o(x$fpl$dadd)
    _dadd1                                   0x08002379   Thumb Code     0  daddsub_clz.o(x$fpl$dadd)
    x$fpl$dcheck1                            0x080024b8   Section       16  dcheck1.o(x$fpl$dcheck1)
    x$fpl$dfix                               0x080024c8   Section       94  dfix.o(x$fpl$dfix)
    x$fpl$dfltu                              0x08002526   Section       38  dflt_clz.o(x$fpl$dfltu)
    x$fpl$dnaninf                            0x0800254c   Section      156  dnaninf.o(x$fpl$dnaninf)
    x$fpl$dretinf                            0x080025e8   Section       12  dretinf.o(x$fpl$dretinf)
    x$fpl$dsub                               0x080025f4   Section      468  daddsub_clz.o(x$fpl$dsub)
    _dsub1                                   0x08002605   Thumb Code     0  daddsub_clz.o(x$fpl$dsub)
    x$fpl$f2d                                0x080027c8   Section       86  f2d.o(x$fpl$f2d)
    x$fpl$fadd                               0x08002820   Section      196  faddsub_clz.o(x$fpl$fadd)
    _fadd1                                   0x0800282f   Thumb Code     0  faddsub_clz.o(x$fpl$fadd)
    x$fpl$fcheck1                            0x080028e4   Section       12  fcheck1.o(x$fpl$fcheck1)
    x$fpl$fcmpinf                            0x080028f0   Section       24  fcmpi.o(x$fpl$fcmpinf)
    x$fpl$fdiv                               0x08002908   Section      388  fdiv.o(x$fpl$fdiv)
    _fdiv1                                   0x08002909   Thumb Code     0  fdiv.o(x$fpl$fdiv)
    x$fpl$ffixu                              0x08002a8c   Section       62  ffixu.o(x$fpl$ffixu)
    x$fpl$fleqf                              0x08002acc   Section      104  fleqf.o(x$fpl$fleqf)
    x$fpl$fmul                               0x08002b34   Section      258  fmul.o(x$fpl$fmul)
    x$fpl$fnaninf                            0x08002c36   Section      140  fnaninf.o(x$fpl$fnaninf)
    x$fpl$fretinf                            0x08002cc2   Section       10  fretinf.o(x$fpl$fretinf)
    x$fpl$frleqf                             0x08002ccc   Section       98  frleqf.o(x$fpl$frleqf)
    x$fpl$frsb                               0x08002d2e   Section       20  faddsub_clz.o(x$fpl$frsb)
    x$fpl$fsub                               0x08002d44   Section      234  faddsub_clz.o(x$fpl$fsub)
    _fsub1                                   0x08002d53   Thumb Code     0  faddsub_clz.o(x$fpl$fsub)
    x$fpl$printf1                            0x08002e2e   Section        4  printf1.o(x$fpl$printf1)
    x$fpl$retnan                             0x08002e32   Section      100  retnan.o(x$fpl$retnan)
    x$fpl$scalbn                             0x08002e96   Section       92  scalbn.o(x$fpl$scalbn)
    x$fpl$scalbnf                            0x08002ef2   Section       76  scalbnf.o(x$fpl$scalbnf)
    x$fpl$trapveneer                         0x08002f3e   Section       48  trapv.o(x$fpl$trapveneer)
    x$fpl$usenofp                            0x08002f6e   Section        0  usenofp.o(x$fpl$usenofp)
    .constdata                               0x08002f70   Section      588  fuzzypid.o(.constdata)
    fuzzyRuleKp                              0x08002f70   Data         196  fuzzypid.o(.constdata)
    fuzzyRuleKi                              0x08003034   Data         196  fuzzypid.o(.constdata)
    fuzzyRuleKd                              0x080030f8   Data         196  fuzzypid.o(.constdata)
    .constdata                               0x080031bc   Section      148  bigflt0.o(.constdata)
    tenpwrs_x                                0x080031bc   Data          60  bigflt0.o(.constdata)
    tenpwrs_i                                0x080031f8   Data          64  bigflt0.o(.constdata)
    locale$$data                             0x08003270   Section       28  lc_numeric_c.o(locale$$data)
    __lcnum_c_name                           0x08003274   Data           2  lc_numeric_c.o(locale$$data)
    __lcnum_c_start                          0x0800327c   Data           0  lc_numeric_c.o(locale$$data)
    __lcnum_c_point                          0x08003288   Data           0  lc_numeric_c.o(locale$$data)
    __lcnum_c_thousands                      0x0800328a   Data           0  lc_numeric_c.o(locale$$data)
    __lcnum_c_grouping                       0x0800328b   Data           0  lc_numeric_c.o(locale$$data)
    __lcnum_c_end                            0x0800328c   Data           0  lc_numeric_c.o(locale$$data)
    .data                                    0x20000000   Section       20  main.o(.data)
    .data                                    0x20000014   Section       20  system_stm32f10x.o(.data)
    .data                                    0x20000028   Section        4  delay.o(.data)
    fac_us                                   0x20000028   Data           1  delay.o(.data)
    fac_ms                                   0x2000002a   Data           2  delay.o(.data)
    .data                                    0x2000002c   Section        4  usart.o(.data)
    .data                                    0x20000030   Section       20  stm32f10x_rcc.o(.data)
    ADCPrescTable                            0x20000030   Data           4  stm32f10x_rcc.o(.data)
    APBAHBPrescTable                         0x20000034   Data          16  stm32f10x_rcc.o(.data)
    .bss                                     0x20000044   Section       44  main.o(.bss)
    .bss                                     0x20000070   Section       96  libspace.o(.bss)
    HEAP                                     0x200000d0   Section      512  startup_stm32f10x_md.o(HEAP)
    Heap_Mem                                 0x200000d0   Data         512  startup_stm32f10x_md.o(HEAP)
    STACK                                    0x200002d0   Section     1024  startup_stm32f10x_md.o(STACK)
    Stack_Mem                                0x200002d0   Data        1024  startup_stm32f10x_md.o(STACK)
    __initial_sp                             0x200006d0   Data           0  startup_stm32f10x_md.o(STACK)

    Global Symbols

    Symbol Name                              Value     Ov Type        Size  Object(Section)

    BuildAttributes$$THM_ISAv4$P$D$K$B$S$PE$A:L22UL41UL21$X:L11$S22US41US21$IEEE1$IW$USESV6$~STKCKD$USESV7$~SHL$OTIME$ROPI$IEEEJ$EBA8$UX$STANDARDLIB$REQ8$PRES8$EABIv2 0x00000000   Number         0  anon$$obj.o ABSOLUTE
    __ARM_use_no_argv                        0x00000000   Number         0  main.o ABSOLUTE
    __ARM_exceptions_init                     - Undefined Weak Reference
    __alloca_initialize                       - Undefined Weak Reference
    __arm_preinit_                            - Undefined Weak Reference
    __cpp_initialize__aeabi_                  - Undefined Weak Reference
    __cxa_finalize                            - Undefined Weak Reference
    __sigvec_lookup                           - Undefined Weak Reference
    _atexit_init                              - Undefined Weak Reference
    _call_atexit_fns                          - Undefined Weak Reference
    _clock_init                               - Undefined Weak Reference
    _fp_trap_init                             - Undefined Weak Reference
    _fp_trap_shutdown                         - Undefined Weak Reference
    _get_lc_collate                           - Undefined Weak Reference
    _get_lc_ctype                             - Undefined Weak Reference
    _get_lc_monetary                          - Undefined Weak Reference
    _get_lc_time                              - Undefined Weak Reference
    _getenv_init                              - Undefined Weak Reference
    _handle_redirection                       - Undefined Weak Reference
    _init_alloc                               - Undefined Weak Reference
    _init_user_alloc                          - Undefined Weak Reference
    _initio                                   - Undefined Weak Reference
    _mutex_acquire                            - Undefined Weak Reference
    _mutex_release                            - Undefined Weak Reference
    _printf_post_padding                      - Undefined Weak Reference
    _printf_pre_padding                       - Undefined Weak Reference
    _rand_init                                - Undefined Weak Reference
    _signal_finish                            - Undefined Weak Reference
    _signal_init                              - Undefined Weak Reference
    _terminate_alloc                          - Undefined Weak Reference
    _terminate_user_alloc                     - Undefined Weak Reference
    _terminateio                              - Undefined Weak Reference
    __Vectors_Size                           0x000000ec   Number         0  startup_stm32f10x_md.o ABSOLUTE
    __Vectors                                0x08000000   Data           4  startup_stm32f10x_md.o(RESET)
    __Vectors_End                            0x080000ec   Data           0  startup_stm32f10x_md.o(RESET)
    __main                                   0x080000ed   Thumb Code     8  __main.o(!!!main)
    __scatterload                            0x080000f5   Thumb Code     0  __scatter.o(!!!scatter)
    __scatterload_rt2                        0x080000f5   Thumb Code    44  __scatter.o(!!!scatter)
    __scatterload_rt2_thumb_only             0x080000f5   Thumb Code     0  __scatter.o(!!!scatter)
    __scatterload_null                       0x08000103   Thumb Code     0  __scatter.o(!!!scatter)
    __scatterload_copy                       0x08000129   Thumb Code    26  __scatter_copy.o(!!handler_copy)
    __scatterload_zeroinit                   0x08000145   Thumb Code    28  __scatter_zi.o(!!handler_zi)
    _printf_f                                0x08000161   Thumb Code     0  _printf_f.o(.ARM.Collect$$_printf_percent$$00000003)
    _printf_percent                          0x08000161   Thumb Code     0  _printf_percent.o(.ARM.Collect$$_printf_percent$$00000000)
    _printf_percent_end                      0x08000167   Thumb Code     0  _printf_percent_end.o(.ARM.Collect$$_printf_percent$$00000017)
    __rt_lib_init                            0x0800016b   Thumb Code     0  libinit.o(.ARM.Collect$$libinit$$00000000)
    __rt_lib_init_fp_1                       0x0800016d   Thumb Code     0  libinit2.o(.ARM.Collect$$libinit$$00000002)
    __rt_lib_init_heap_1                     0x0800016d   Thumb Code     0  libinit2.o(.ARM.Collect$$libinit$$0000000A)
    __rt_lib_init_lc_common                  0x0800016d   Thumb Code     0  libinit2.o(.ARM.Collect$$libinit$$0000000F)
    __rt_lib_init_preinit_1                  0x0800016d   Thumb Code     0  libinit2.o(.ARM.Collect$$libinit$$00000004)
    __rt_lib_init_rand_1                     0x0800016d   Thumb Code     0  libinit2.o(.ARM.Collect$$libinit$$0000000E)
    __rt_lib_init_user_alloc_1               0x0800016d   Thumb Code     0  libinit2.o(.ARM.Collect$$libinit$$0000000C)
    __rt_lib_init_lc_collate_1               0x08000173   Thumb Code     0  libinit2.o(.ARM.Collect$$libinit$$00000011)
    __rt_lib_init_lc_ctype_1                 0x08000173   Thumb Code     0  libinit2.o(.ARM.Collect$$libinit$$00000013)
    __rt_lib_init_lc_monetary_1              0x08000173   Thumb Code     0  libinit2.o(.ARM.Collect$$libinit$$00000015)
    __rt_lib_init_lc_numeric_2               0x08000173   Thumb Code     0  libinit2.o(.ARM.Collect$$libinit$$00000016)
    __rt_lib_init_alloca_1                   0x0800017d   Thumb Code     0  libinit2.o(.ARM.Collect$$libinit$$0000002E)
    __rt_lib_init_argv_1                     0x0800017d   Thumb Code     0  libinit2.o(.ARM.Collect$$libinit$$0000002C)
    __rt_lib_init_atexit_1                   0x0800017d   Thumb Code     0  libinit2.o(.ARM.Collect$$libinit$$0000001B)
    __rt_lib_init_clock_1                    0x0800017d   Thumb Code     0  libinit2.o(.ARM.Collect$$libinit$$00000021)
    __rt_lib_init_cpp_1                      0x0800017d   Thumb Code     0  libinit2.o(.ARM.Collect$$libinit$$00000032)
    __rt_lib_init_exceptions_1               0x0800017d   Thumb Code     0  libinit2.o(.ARM.Collect$$libinit$$00000030)
    __rt_lib_init_fp_trap_1                  0x0800017d   Thumb Code     0  libinit2.o(.ARM.Collect$$libinit$$0000001F)
    __rt_lib_init_getenv_1                   0x0800017d   Thumb Code     0  libinit2.o(.ARM.Collect$$libinit$$00000023)
    __rt_lib_init_lc_numeric_1               0x0800017d   Thumb Code     0  libinit2.o(.ARM.Collect$$libinit$$00000017)
    __rt_lib_init_lc_time_1                  0x0800017d   Thumb Code     0  libinit2.o(.ARM.Collect$$libinit$$00000019)
    __rt_lib_init_return                     0x0800017d   Thumb Code     0  libinit2.o(.ARM.Collect$$libinit$$00000033)
    __rt_lib_init_signal_1                   0x0800017d   Thumb Code     0  libinit2.o(.ARM.Collect$$libinit$$0000001D)
    __rt_lib_init_stdio_1                    0x0800017d   Thumb Code     0  libinit2.o(.ARM.Collect$$libinit$$00000025)
    __rt_lib_shutdown                        0x0800017f   Thumb Code     0  libshutdown.o(.ARM.Collect$$libshutdown$$00000000)
    __rt_lib_shutdown_fp_trap_1              0x08000181   Thumb Code     0  libshutdown2.o(.ARM.Collect$$libshutdown$$00000006)
    __rt_lib_shutdown_heap_1                 0x08000181   Thumb Code     0  libshutdown2.o(.ARM.Collect$$libshutdown$$0000000E)
    __rt_lib_shutdown_return                 0x08000181   Thumb Code     0  libshutdown2.o(.ARM.Collect$$libshutdown$$0000000F)
    __rt_lib_shutdown_signal_1               0x08000181   Thumb Code     0  libshutdown2.o(.ARM.Collect$$libshutdown$$00000009)
    __rt_lib_shutdown_stdio_1                0x08000181   Thumb Code     0  libshutdown2.o(.ARM.Collect$$libshutdown$$00000003)
    __rt_lib_shutdown_user_alloc_1           0x08000181   Thumb Code     0  libshutdown2.o(.ARM.Collect$$libshutdown$$0000000B)
    __rt_entry                               0x08000183   Thumb Code     0  __rtentry.o(.ARM.Collect$$rtentry$$00000000)
    __rt_entry_presh_1                       0x08000183   Thumb Code     0  __rtentry2.o(.ARM.Collect$$rtentry$$00000002)
    __rt_entry_sh                            0x08000183   Thumb Code     0  __rtentry4.o(.ARM.Collect$$rtentry$$00000004)
    __rt_entry_li                            0x08000189   Thumb Code     0  __rtentry2.o(.ARM.Collect$$rtentry$$0000000A)
    __rt_entry_postsh_1                      0x08000189   Thumb Code     0  __rtentry2.o(.ARM.Collect$$rtentry$$00000009)
    __rt_entry_main                          0x0800018d   Thumb Code     0  __rtentry2.o(.ARM.Collect$$rtentry$$0000000D)
    __rt_entry_postli_1                      0x0800018d   Thumb Code     0  __rtentry2.o(.ARM.Collect$$rtentry$$0000000C)
    __rt_exit                                0x08000195   Thumb Code     0  rtexit.o(.ARM.Collect$$rtexit$$00000000)
    __rt_exit_ls                             0x08000197   Thumb Code     0  rtexit2.o(.ARM.Collect$$rtexit$$00000003)
    __rt_exit_prels_1                        0x08000197   Thumb Code     0  rtexit2.o(.ARM.Collect$$rtexit$$00000002)
    __rt_exit_exit                           0x0800019b   Thumb Code     0  rtexit2.o(.ARM.Collect$$rtexit$$00000004)
    Reset_Handler                            0x080001a1   Thumb Code     8  startup_stm32f10x_md.o(.text)
    ADC1_2_IRQHandler                        0x080001bb   Thumb Code     0  startup_stm32f10x_md.o(.text)
    CAN1_RX1_IRQHandler                      0x080001bb   Thumb Code     0  startup_stm32f10x_md.o(.text)
    CAN1_SCE_IRQHandler                      0x080001bb   Thumb Code     0  startup_stm32f10x_md.o(.text)
    DMA1_Channel1_IRQHandler                 0x080001bb   Thumb Code     0  startup_stm32f10x_md.o(.text)
    DMA1_Channel2_IRQHandler                 0x080001bb   Thumb Code     0  startup_stm32f10x_md.o(.text)
    DMA1_Channel3_IRQHandler                 0x080001bb   Thumb Code     0  startup_stm32f10x_md.o(.text)
    DMA1_Channel4_IRQHandler                 0x080001bb   Thumb Code     0  startup_stm32f10x_md.o(.text)
    DMA1_Channel5_IRQHandler                 0x080001bb   Thumb Code     0  startup_stm32f10x_md.o(.text)
    DMA1_Channel6_IRQHandler                 0x080001bb   Thumb Code     0  startup_stm32f10x_md.o(.text)
    DMA1_Channel7_IRQHandler                 0x080001bb   Thumb Code     0  startup_stm32f10x_md.o(.text)
    EXTI0_IRQHandler                         0x080001bb   Thumb Code     0  startup_stm32f10x_md.o(.text)
    EXTI15_10_IRQHandler                     0x080001bb   Thumb Code     0  startup_stm32f10x_md.o(.text)
    EXTI1_IRQHandler                         0x080001bb   Thumb Code     0  startup_stm32f10x_md.o(.text)
    EXTI2_IRQHandler                         0x080001bb   Thumb Code     0  startup_stm32f10x_md.o(.text)
    EXTI3_IRQHandler                         0x080001bb   Thumb Code     0  startup_stm32f10x_md.o(.text)
    EXTI4_IRQHandler                         0x080001bb   Thumb Code     0  startup_stm32f10x_md.o(.text)
    EXTI9_5_IRQHandler                       0x080001bb   Thumb Code     0  startup_stm32f10x_md.o(.text)
    FLASH_IRQHandler                         0x080001bb   Thumb Code     0  startup_stm32f10x_md.o(.text)
    I2C1_ER_IRQHandler                       0x080001bb   Thumb Code     0  startup_stm32f10x_md.o(.text)
    I2C1_EV_IRQHandler                       0x080001bb   Thumb Code     0  startup_stm32f10x_md.o(.text)
    I2C2_ER_IRQHandler                       0x080001bb   Thumb Code     0  startup_stm32f10x_md.o(.text)
    I2C2_EV_IRQHandler                       0x080001bb   Thumb Code     0  startup_stm32f10x_md.o(.text)
    PVD_IRQHandler                           0x080001bb   Thumb Code     0  startup_stm32f10x_md.o(.text)
    RCC_IRQHandler                           0x080001bb   Thumb Code     0  startup_stm32f10x_md.o(.text)
    RTCAlarm_IRQHandler                      0x080001bb   Thumb Code     0  startup_stm32f10x_md.o(.text)
    RTC_IRQHandler                           0x080001bb   Thumb Code     0  startup_stm32f10x_md.o(.text)
    SPI1_IRQHandler                          0x080001bb   Thumb Code     0  startup_stm32f10x_md.o(.text)
    SPI2_IRQHandler                          0x080001bb   Thumb Code     0  startup_stm32f10x_md.o(.text)
    TAMPER_IRQHandler                        0x080001bb   Thumb Code     0  startup_stm32f10x_md.o(.text)
    TIM1_BRK_IRQHandler                      0x080001bb   Thumb Code     0  startup_stm32f10x_md.o(.text)
    TIM1_CC_IRQHandler                       0x080001bb   Thumb Code     0  startup_stm32f10x_md.o(.text)
    TIM1_TRG_COM_IRQHandler                  0x080001bb   Thumb Code     0  startup_stm32f10x_md.o(.text)
    TIM1_UP_IRQHandler                       0x080001bb   Thumb Code     0  startup_stm32f10x_md.o(.text)
    TIM2_IRQHandler                          0x080001bb   Thumb Code     0  startup_stm32f10x_md.o(.text)
    TIM4_IRQHandler                          0x080001bb   Thumb Code     0  startup_stm32f10x_md.o(.text)
    USART2_IRQHandler                        0x080001bb   Thumb Code     0  startup_stm32f10x_md.o(.text)
    USART3_IRQHandler                        0x080001bb   Thumb Code     0  startup_stm32f10x_md.o(.text)
    USBWakeUp_IRQHandler                     0x080001bb   Thumb Code     0  startup_stm32f10x_md.o(.text)
    USB_HP_CAN1_TX_IRQHandler                0x080001bb   Thumb Code     0  startup_stm32f10x_md.o(.text)
    USB_LP_CAN1_RX0_IRQHandler               0x080001bb   Thumb Code     0  startup_stm32f10x_md.o(.text)
    WWDG_IRQHandler                          0x080001bb   Thumb Code     0  startup_stm32f10x_md.o(.text)
    __user_initial_stackheap                 0x080001bd   Thumb Code     0  startup_stm32f10x_md.o(.text)
    __use_no_semihosting                     0x080001e1   Thumb Code     2  use_no_semi_2.o(.text)
    __2printf                                0x080001e5   Thumb Code    20  noretval__2printf.o(.text)
    __printf                                 0x080001fd   Thumb Code   104  __printf.o(.text)
    __use_two_region_memory                  0x08000265   Thumb Code     2  heapauxi.o(.text)
    __rt_heap_escrow$2region                 0x08000267   Thumb Code     2  heapauxi.o(.text)
    __rt_heap_expand$2region                 0x08000269   Thumb Code     2  heapauxi.o(.text)
    __I$use$semihosting                      0x0800026b   Thumb Code     0  use_no_semi.o(.text)
    __use_no_semihosting_swi                 0x0800026b   Thumb Code     2  use_no_semi.o(.text)
    __lib_sel_fp_printf                      0x0800026d   Thumb Code     2  _printf_fp_dec.o(.text)
    _printf_fp_dec_real                      0x0800041b   Thumb Code   620  _printf_fp_dec.o(.text)
    _printf_char_file                        0x08000689   Thumb Code    32  _printf_char_file.o(.text)
    __rt_locale                              0x080006ad   Thumb Code     8  rt_locale_intlibspace.o(.text)
    _ll_udiv10                               0x080006b5   Thumb Code   138  lludiv10.o(.text)
    _printf_char_common                      0x0800074b   Thumb Code    32  _printf_char_common.o(.text)
    _printf_fp_infnan                        0x08000771   Thumb Code   112  _printf_fp_infnan.o(.text)
    _btod_etento                             0x080007f1   Thumb Code   216  bigflt0.o(.text)
    ferror                                   0x080008cd   Thumb Code     8  ferror.o(.text)
    __user_libspace                          0x080008d5   Thumb Code     8  libspace.o(.text)
    __user_perproc_libspace                  0x080008d5   Thumb Code     0  libspace.o(.text)
    __user_perthread_libspace                0x080008d5   Thumb Code     0  libspace.o(.text)
    __user_setup_stackheap                   0x080008dd   Thumb Code    74  sys_stackheap_outer.o(.text)
    exit                                     0x08000927   Thumb Code    12  exit.o(.text)
    strcmp                                   0x08000935   Thumb Code   128  strcmpv7m.o(.text)
    _btod_d2e                                0x080009b5   Thumb Code    62  btod.o(CL$$btod_d2e)
    _d2e_denorm_low                          0x080009f3   Thumb Code    70  btod.o(CL$$btod_d2e_denorm_low)
    _d2e_norm_op1                            0x08000a39   Thumb Code    96  btod.o(CL$$btod_d2e_norm_op1)
    __btod_div_common                        0x08000a99   Thumb Code   696  btod.o(CL$$btod_div_common)
    _e2e                                     0x08000dd1   Thumb Code   198  btod.o(CL$$btod_e2e)
    _btod_ediv                               0x08000e97   Thumb Code    40  btod.o(CL$$btod_ediv)
    _btod_emul                               0x08000ebf   Thumb Code    40  btod.o(CL$$btod_emul)
    __btod_mult_common                       0x08000ee7   Thumb Code   580  btod.o(CL$$btod_mult_common)
    BusFault_Handler                         0x0800112b   Thumb Code     2  stm32f10x_it.o(i.BusFault_Handler)
    DebugMon_Handler                         0x0800112d   Thumb Code     2  stm32f10x_it.o(i.DebugMon_Handler)
    GPIO_Init                                0x0800112f   Thumb Code   156  stm32f10x_gpio.o(i.GPIO_Init)
    GPIO_SetBits                             0x080011cb   Thumb Code     4  stm32f10x_gpio.o(i.GPIO_SetBits)
    Get_temprature                           0x080011d1   Thumb Code    76  max6675.o(i.Get_temprature)
    HardFault_Handler                        0x08001231   Thumb Code     2  stm32f10x_it.o(i.HardFault_Handler)
    MAX6675_ReadByte                         0x08001235   Thumb Code    46  max6675.o(i.MAX6675_ReadByte)
    MemManage_Handler                        0x08001269   Thumb Code     2  stm32f10x_it.o(i.MemManage_Handler)
    NMI_Handler                              0x0800126b   Thumb Code     2  stm32f10x_it.o(i.NMI_Handler)
    NVIC_Init                                0x0800126d   Thumb Code    94  misc.o(i.NVIC_Init)
    NVIC_PriorityGroupConfig                 0x080012d1   Thumb Code    10  misc.o(i.NVIC_PriorityGroupConfig)
    PWM_Channel1_Set                         0x080012e5   Thumb Code     8  pwm.o(i.PWM_Channel1_Set)
    PWM_Channel2_Set                         0x080012f1   Thumb Code     8  pwm.o(i.PWM_Channel2_Set)
    PWM_Channel3_Set                         0x080012fd   Thumb Code     8  pwm.o(i.PWM_Channel3_Set)
    PWM_Channel4_Set                         0x08001309   Thumb Code     8  pwm.o(i.PWM_Channel4_Set)
    PendSV_Handler                           0x08001315   Thumb Code     2  stm32f10x_it.o(i.PendSV_Handler)
    RCC_APB1PeriphClockCmd                   0x08001319   Thumb Code    18  stm32f10x_rcc.o(i.RCC_APB1PeriphClockCmd)
    RCC_APB2PeriphClockCmd                   0x08001331   Thumb Code    18  stm32f10x_rcc.o(i.RCC_APB2PeriphClockCmd)
    RCC_GetClocksFreq                        0x08001349   Thumb Code   132  stm32f10x_rcc.o(i.RCC_GetClocksFreq)
    SPI_Cmd                                  0x080013dd   Thumb Code    20  stm32f10x_spi.o(i.SPI_Cmd)
    SPI_I2S_GetFlagStatus                    0x080013f1   Thumb Code    14  stm32f10x_spi.o(i.SPI_I2S_GetFlagStatus)
    SPI_I2S_ReceiveData                      0x080013ff   Thumb Code     4  stm32f10x_spi.o(i.SPI_I2S_ReceiveData)
    SPI_I2S_SendData                         0x08001403   Thumb Code     4  stm32f10x_spi.o(i.SPI_I2S_SendData)
    SPI_Init                                 0x08001407   Thumb Code    56  stm32f10x_spi.o(i.SPI_Init)
    SPI_MAX6675_Init                         0x08001441   Thumb Code   140  max6675.o(i.SPI_MAX6675_Init)
    SVC_Handler                              0x080014d5   Thumb Code     2  stm32f10x_it.o(i.SVC_Handler)
    SysTick_CLKSourceConfig                  0x08001581   Thumb Code    24  misc.o(i.SysTick_CLKSourceConfig)
    SysTick_Handler                          0x08001599   Thumb Code     2  stm32f10x_it.o(i.SysTick_Handler)
    SystemInit                               0x0800159d   Thumb Code    64  system_stm32f10x.o(i.SystemInit)
    TIM3_IRQHandler                          0x080015ed   Thumb Code    64  tim3.o(i.TIM3_IRQHandler)
    TIM3_Int_Init                            0x08001635   Thumb Code    90  tim3.o(i.TIM3_Int_Init)
    TIM4_GPIO_Config                         0x08001695   Thumb Code    78  pwm.o(i.TIM4_GPIO_Config)
    TIM4_Mode_Config                         0x080016e9   Thumb Code   162  pwm.o(i.TIM4_Mode_Config)
    TIM4_PWM_Init                            0x08001791   Thumb Code    38  pwm.o(i.TIM4_PWM_Init)
    TIM_ClearITPendingBit                    0x080017b7   Thumb Code     6  stm32f10x_tim.o(i.TIM_ClearITPendingBit)
    TIM_Cmd                                  0x080017bd   Thumb Code    20  stm32f10x_tim.o(i.TIM_Cmd)
    TIM_GetITStatus                          0x080017d1   Thumb Code    24  stm32f10x_tim.o(i.TIM_GetITStatus)
    TIM_ITConfig                             0x080017e9   Thumb Code    16  stm32f10x_tim.o(i.TIM_ITConfig)
    TIM_OC1Init                              0x080017f9   Thumb Code   106  stm32f10x_tim.o(i.TIM_OC1Init)
    TIM_OC1PreloadConfig                     0x08001879   Thumb Code    12  stm32f10x_tim.o(i.TIM_OC1PreloadConfig)
    TIM_OC2Init                              0x08001885   Thumb Code   120  stm32f10x_tim.o(i.TIM_OC2Init)
    TIM_OC2PreloadConfig                     0x08001905   Thumb Code    20  stm32f10x_tim.o(i.TIM_OC2PreloadConfig)
    TIM_OC3Init                              0x08001919   Thumb Code   116  stm32f10x_tim.o(i.TIM_OC3Init)
    TIM_OC3PreloadConfig                     0x08001995   Thumb Code    12  stm32f10x_tim.o(i.TIM_OC3PreloadConfig)
    TIM_OC4Init                              0x080019a1   Thumb Code    90  stm32f10x_tim.o(i.TIM_OC4Init)
    TIM_OC4PreloadConfig                     0x08001a05   Thumb Code    20  stm32f10x_tim.o(i.TIM_OC4PreloadConfig)
    TIM_SetCompare1                          0x08001a19   Thumb Code     4  stm32f10x_tim.o(i.TIM_SetCompare1)
    TIM_SetCompare2                          0x08001a1d   Thumb Code     4  stm32f10x_tim.o(i.TIM_SetCompare2)
    TIM_SetCompare3                          0x08001a21   Thumb Code     4  stm32f10x_tim.o(i.TIM_SetCompare3)
    TIM_SetCompare4                          0x08001a25   Thumb Code     6  stm32f10x_tim.o(i.TIM_SetCompare4)
    TIM_TimeBaseInit                         0x08001a2d   Thumb Code   114  stm32f10x_tim.o(i.TIM_TimeBaseInit)
    USART1_IRQHandler                        0x08001ac9   Thumb Code    30  usart.o(i.USART1_IRQHandler)
    USART_Cmd                                0x08001aed   Thumb Code    20  stm32f10x_usart.o(i.USART_Cmd)
    USART_GetITStatus                        0x08001b01   Thumb Code    62  stm32f10x_usart.o(i.USART_GetITStatus)
    USART_ITConfig                           0x08001b3f   Thumb Code    48  stm32f10x_usart.o(i.USART_ITConfig)
    USART_Init                               0x08001b71   Thumb Code   166  stm32f10x_usart.o(i.USART_Init)
    USART_ReceiveData                        0x08001c1d   Thumb Code     8  stm32f10x_usart.o(i.USART_ReceiveData)
    UsageFault_Handler                       0x08001c25   Thumb Code     2  stm32f10x_it.o(i.UsageFault_Handler)
    __ARM_fpclassify                         0x08001c27   Thumb Code    40  fpclassify.o(i.__ARM_fpclassify)
    _sys_exit                                0x08001c4f   Thumb Code     2  usart.o(i._sys_exit)
    dc_pid_calc                              0x08001c51   Thumb Code   176  dc_pid.o(i.dc_pid_calc)
    dc_pid_init                              0x08001d01   Thumb Code    34  dc_pid.o(i.dc_pid_init)
    delay_init                               0x08001d25   Thumb Code    46  delay.o(i.delay_init)
    fputc                                    0x08001d61   Thumb Code    18  usart.o(i.fputc)
    fuzzy                                    0x08001d79   Thumb Code   808  fuzzypid.o(i.fuzzy)
    main                                     0x080020c9   Thumb Code   316  main.o(i.main)
    uart_init                                0x08002239   Thumb Code   152  usart.o(i.uart_init)
    _get_lc_numeric                          0x080022d9   Thumb Code    44  lc_numeric_c.o(locale$$code)
    __aeabi_d2f                              0x08002305   Thumb Code     0  d2f.o(x$fpl$d2f)
    _d2f                                     0x08002305   Thumb Code    98  d2f.o(x$fpl$d2f)
    __aeabi_dadd                             0x08002369   Thumb Code     0  daddsub_clz.o(x$fpl$dadd)
    _dadd                                    0x08002369   Thumb Code   332  daddsub_clz.o(x$fpl$dadd)
    __fpl_dcheck_NaN1                        0x080024b9   Thumb Code    10  dcheck1.o(x$fpl$dcheck1)
    __aeabi_d2iz                             0x080024c9   Thumb Code     0  dfix.o(x$fpl$dfix)
    _dfix                                    0x080024c9   Thumb Code    94  dfix.o(x$fpl$dfix)
    __aeabi_ui2d                             0x08002527   Thumb Code     0  dflt_clz.o(x$fpl$dfltu)
    _dfltu                                   0x08002527   Thumb Code    38  dflt_clz.o(x$fpl$dfltu)
    __fpl_dnaninf                            0x0800254d   Thumb Code   156  dnaninf.o(x$fpl$dnaninf)
    __fpl_dretinf                            0x080025e9   Thumb Code    12  dretinf.o(x$fpl$dretinf)
    __aeabi_dsub                             0x080025f5   Thumb Code     0  daddsub_clz.o(x$fpl$dsub)
    _dsub                                    0x080025f5   Thumb Code   464  daddsub_clz.o(x$fpl$dsub)
    __aeabi_f2d                              0x080027c9   Thumb Code     0  f2d.o(x$fpl$f2d)
    _f2d                                     0x080027c9   Thumb Code    86  f2d.o(x$fpl$f2d)
    __aeabi_fadd                             0x08002821   Thumb Code     0  faddsub_clz.o(x$fpl$fadd)
    _fadd                                    0x08002821   Thumb Code   196  faddsub_clz.o(x$fpl$fadd)
    __fpl_fcheck_NaN1                        0x080028e5   Thumb Code     6  fcheck1.o(x$fpl$fcheck1)
    __fpl_fcmp_Inf                           0x080028f1   Thumb Code    24  fcmpi.o(x$fpl$fcmpinf)
    __aeabi_fdiv                             0x08002909   Thumb Code     0  fdiv.o(x$fpl$fdiv)
    _fdiv                                    0x08002909   Thumb Code   384  fdiv.o(x$fpl$fdiv)
    __aeabi_f2uiz                            0x08002a8d   Thumb Code     0  ffixu.o(x$fpl$ffixu)
    _ffixu                                   0x08002a8d   Thumb Code    62  ffixu.o(x$fpl$ffixu)
    __aeabi_cfcmple                          0x08002acd   Thumb Code     0  fleqf.o(x$fpl$fleqf)
    _fcmple                                  0x08002acd   Thumb Code   104  fleqf.o(x$fpl$fleqf)
    __fpl_fcmple_InfNaN                      0x08002b1f   Thumb Code     0  fleqf.o(x$fpl$fleqf)
    __aeabi_fmul                             0x08002b35   Thumb Code     0  fmul.o(x$fpl$fmul)
    _fmul                                    0x08002b35   Thumb Code   258  fmul.o(x$fpl$fmul)
    __fpl_fnaninf                            0x08002c37   Thumb Code   140  fnaninf.o(x$fpl$fnaninf)
    __fpl_fretinf                            0x08002cc3   Thumb Code    10  fretinf.o(x$fpl$fretinf)
    __aeabi_cfrcmple                         0x08002ccd   Thumb Code     0  frleqf.o(x$fpl$frleqf)
    _frcmple                                 0x08002ccd   Thumb Code    98  frleqf.o(x$fpl$frleqf)
    __aeabi_frsub                            0x08002d2f   Thumb Code     0  faddsub_clz.o(x$fpl$frsb)
    _frsb                                    0x08002d2f   Thumb Code    20  faddsub_clz.o(x$fpl$frsb)
    __aeabi_fsub                             0x08002d45   Thumb Code     0  faddsub_clz.o(x$fpl$fsub)
    _fsub                                    0x08002d45   Thumb Code   234  faddsub_clz.o(x$fpl$fsub)
    _printf_fp_dec                           0x08002e2f   Thumb Code     4  printf1.o(x$fpl$printf1)
    __fpl_return_NaN                         0x08002e33   Thumb Code   100  retnan.o(x$fpl$retnan)
    __ARM_scalbn                             0x08002e97   Thumb Code    92  scalbn.o(x$fpl$scalbn)
    __ARM_scalbnf                            0x08002ef3   Thumb Code    76  scalbnf.o(x$fpl$scalbnf)
    __fpl_cmpreturn                          0x08002f3f   Thumb Code    48  trapv.o(x$fpl$trapveneer)
    __I$use$fp                               0x08002f6e   Number         0  usenofp.o(x$fpl$usenofp)
    Region$$Table$$Base                      0x08003250   Number         0  anon$$obj.o(Region$$Table)
    Region$$Table$$Limit                     0x08003270   Number         0  anon$$obj.o(Region$$Table)
    pwm_var                                  0x20000000   Data           2  main.o(.data)
    sv                                       0x20000004   Data           4  main.o(.data)
    time                                     0x20000008   Data           4  main.o(.data)
    dat                                      0x2000000c   Data           4  main.o(.data)
    temprature                               0x20000010   Data           4  main.o(.data)
    SystemCoreClock                          0x20000014   Data           4  system_stm32f10x.o(.data)
    AHBPrescTable                            0x20000018   Data          16  system_stm32f10x.o(.data)
    __stdout                                 0x2000002c   Data           4  usart.o(.data)
    pid                                      0x20000044   Data          44  main.o(.bss)
    __libspace_start                         0x20000070   Data          96  libspace.o(.bss)
    __temporary_stack_top$libspace           0x200000d0   Data           0  libspace.o(.bss)



==============================================================================

Memory Map of the image

  Image Entry point : 0x080000ed

  Load Region LR_IROM1 (Base: 0x08000000, Size: 0x000032d0, Max: 0x00010000, ABSOLUTE)

    Execution Region ER_IROM1 (Base: 0x08000000, Size: 0x0000328c, Max: 0x00010000, ABSOLUTE)

    Base Addr    Size         Type   Attr      Idx    E Section Name        Object

    0x08000000   0x000000ec   Data   RO          491    RESET               startup_stm32f10x_md.o
    0x080000ec   0x00000008   Code   RO         1737  * !!!main             c_w.l(__main.o)
    0x080000f4   0x00000034   Code   RO         2012    !!!scatter          c_w.l(__scatter.o)
    0x08000128   0x0000001a   Code   RO         2014    !!handler_copy      c_w.l(__scatter_copy.o)
    0x08000142   0x00000002   PAD
    0x08000144   0x0000001c   Code   RO         2016    !!handler_zi        c_w.l(__scatter_zi.o)
    0x08000160   0x00000000   Code   RO         1734    .ARM.Collect$$_printf_percent$$00000000  c_w.l(_printf_percent.o)
    0x08000160   0x00000006   Code   RO         1733    .ARM.Collect$$_printf_percent$$00000003  c_w.l(_printf_f.o)
    0x08000166   0x00000004   Code   RO         1792    .ARM.Collect$$_printf_percent$$00000017  c_w.l(_printf_percent_end.o)
    0x0800016a   0x00000002   Code   RO         1888    .ARM.Collect$$libinit$$00000000  c_w.l(libinit.o)
    0x0800016c   0x00000000   Code   RO         1890    .ARM.Collect$$libinit$$00000002  c_w.l(libinit2.o)
    0x0800016c   0x00000000   Code   RO         1892    .ARM.Collect$$libinit$$00000004  c_w.l(libinit2.o)
    0x0800016c   0x00000000   Code   RO         1895    .ARM.Collect$$libinit$$0000000A  c_w.l(libinit2.o)
    0x0800016c   0x00000000   Code   RO         1897    .ARM.Collect$$libinit$$0000000C  c_w.l(libinit2.o)
    0x0800016c   0x00000000   Code   RO         1899    .ARM.Collect$$libinit$$0000000E  c_w.l(libinit2.o)
    0x0800016c   0x00000006   Code   RO         1900    .ARM.Collect$$libinit$$0000000F  c_w.l(libinit2.o)
    0x08000172   0x00000000   Code   RO         1902    .ARM.Collect$$libinit$$00000011  c_w.l(libinit2.o)
    0x08000172   0x00000000   Code   RO         1904    .ARM.Collect$$libinit$$00000013  c_w.l(libinit2.o)
    0x08000172   0x00000000   Code   RO         1906    .ARM.Collect$$libinit$$00000015  c_w.l(libinit2.o)
    0x08000172   0x0000000a   Code   RO         1907    .ARM.Collect$$libinit$$00000016  c_w.l(libinit2.o)
    0x0800017c   0x00000000   Code   RO         1908    .ARM.Collect$$libinit$$00000017  c_w.l(libinit2.o)
    0x0800017c   0x00000000   Code   RO         1910    .ARM.Collect$$libinit$$00000019  c_w.l(libinit2.o)
    0x0800017c   0x00000000   Code   RO         1912    .ARM.Collect$$libinit$$0000001B  c_w.l(libinit2.o)
    0x0800017c   0x00000000   Code   RO         1914    .ARM.Collect$$libinit$$0000001D  c_w.l(libinit2.o)
    0x0800017c   0x00000000   Code   RO         1916    .ARM.Collect$$libinit$$0000001F  c_w.l(libinit2.o)
    0x0800017c   0x00000000   Code   RO         1918    .ARM.Collect$$libinit$$00000021  c_w.l(libinit2.o)
    0x0800017c   0x00000000   Code   RO         1920    .ARM.Collect$$libinit$$00000023  c_w.l(libinit2.o)
    0x0800017c   0x00000000   Code   RO         1922    .ARM.Collect$$libinit$$00000025  c_w.l(libinit2.o)
    0x0800017c   0x00000000   Code   RO         1926    .ARM.Collect$$libinit$$0000002C  c_w.l(libinit2.o)
    0x0800017c   0x00000000   Code   RO         1928    .ARM.Collect$$libinit$$0000002E  c_w.l(libinit2.o)
    0x0800017c   0x00000000   Code   RO         1930    .ARM.Collect$$libinit$$00000030  c_w.l(libinit2.o)
    0x0800017c   0x00000000   Code   RO         1932    .ARM.Collect$$libinit$$00000032  c_w.l(libinit2.o)
    0x0800017c   0x00000002   Code   RO         1933    .ARM.Collect$$libinit$$00000033  c_w.l(libinit2.o)
    0x0800017e   0x00000002   Code   RO         1963    .ARM.Collect$$libshutdown$$00000000  c_w.l(libshutdown.o)
    0x08000180   0x00000000   Code   RO         1973    .ARM.Collect$$libshutdown$$00000003  c_w.l(libshutdown2.o)
    0x08000180   0x00000000   Code   RO         1976    .ARM.Collect$$libshutdown$$00000006  c_w.l(libshutdown2.o)
    0x08000180   0x00000000   Code   RO         1979    .ARM.Collect$$libshutdown$$00000009  c_w.l(libshutdown2.o)
    0x08000180   0x00000000   Code   RO         1981    .ARM.Collect$$libshutdown$$0000000B  c_w.l(libshutdown2.o)
    0x08000180   0x00000000   Code   RO         1984    .ARM.Collect$$libshutdown$$0000000E  c_w.l(libshutdown2.o)
    0x08000180   0x00000002   Code   RO         1985    .ARM.Collect$$libshutdown$$0000000F  c_w.l(libshutdown2.o)
    0x08000182   0x00000000   Code   RO         1787    .ARM.Collect$$rtentry$$00000000  c_w.l(__rtentry.o)
    0x08000182   0x00000000   Code   RO         1809    .ARM.Collect$$rtentry$$00000002  c_w.l(__rtentry2.o)
    0x08000182   0x00000006   Code   RO         1821    .ARM.Collect$$rtentry$$00000004  c_w.l(__rtentry4.o)
    0x08000188   0x00000000   Code   RO         1811    .ARM.Collect$$rtentry$$00000009  c_w.l(__rtentry2.o)
    0x08000188   0x00000004   Code   RO         1812    .ARM.Collect$$rtentry$$0000000A  c_w.l(__rtentry2.o)
    0x0800018c   0x00000000   Code   RO         1814    .ARM.Collect$$rtentry$$0000000C  c_w.l(__rtentry2.o)
    0x0800018c   0x00000008   Code   RO         1815    .ARM.Collect$$rtentry$$0000000D  c_w.l(__rtentry2.o)
    0x08000194   0x00000002   Code   RO         1936    .ARM.Collect$$rtexit$$00000000  c_w.l(rtexit.o)
    0x08000196   0x00000000   Code   RO         1943    .ARM.Collect$$rtexit$$00000002  c_w.l(rtexit2.o)
    0x08000196   0x00000004   Code   RO         1944    .ARM.Collect$$rtexit$$00000003  c_w.l(rtexit2.o)
    0x0800019a   0x00000006   Code   RO         1945    .ARM.Collect$$rtexit$$00000004  c_w.l(rtexit2.o)
    0x080001a0   0x00000040   Code   RO          492    .text               startup_stm32f10x_md.o
    0x080001e0   0x00000002   Code   RO         1705    .text               c_w.l(use_no_semi_2.o)
    0x080001e2   0x00000002   PAD
    0x080001e4   0x00000018   Code   RO         1709    .text               c_w.l(noretval__2printf.o)
    0x080001fc   0x00000068   Code   RO         1711    .text               c_w.l(__printf.o)
    0x08000264   0x00000006   Code   RO         1735    .text               c_w.l(heapauxi.o)
    0x0800026a   0x00000002   Code   RO         1785    .text               c_w.l(use_no_semi.o)
    0x0800026c   0x0000041a   Code   RO         1788    .text               c_w.l(_printf_fp_dec.o)
    0x08000686   0x00000002   PAD
    0x08000688   0x00000024   Code   RO         1790    .text               c_w.l(_printf_char_file.o)
    0x080006ac   0x00000008   Code   RO         1826    .text               c_w.l(rt_locale_intlibspace.o)
    0x080006b4   0x0000008a   Code   RO         1828    .text               c_w.l(lludiv10.o)
    0x0800073e   0x00000002   PAD
    0x08000740   0x00000030   Code   RO         1830    .text               c_w.l(_printf_char_common.o)
    0x08000770   0x00000080   Code   RO         1832    .text               c_w.l(_printf_fp_infnan.o)
    0x080007f0   0x000000dc   Code   RO         1834    .text               c_w.l(bigflt0.o)
    0x080008cc   0x00000008   Code   RO         1859    .text               c_w.l(ferror.o)
    0x080008d4   0x00000008   Code   RO         1872    .text               c_w.l(libspace.o)
    0x080008dc   0x0000004a   Code   RO         1875    .text               c_w.l(sys_stackheap_outer.o)
    0x08000926   0x0000000c   Code   RO         1879    .text               c_w.l(exit.o)
    0x08000932   0x00000002   PAD
    0x08000934   0x00000080   Code   RO         1881    .text               c_w.l(strcmpv7m.o)
    0x080009b4   0x0000003e   Code   RO         1837    CL$$btod_d2e        c_w.l(btod.o)
    0x080009f2   0x00000046   Code   RO         1839    CL$$btod_d2e_denorm_low  c_w.l(btod.o)
    0x08000a38   0x00000060   Code   RO         1838    CL$$btod_d2e_norm_op1  c_w.l(btod.o)
    0x08000a98   0x00000338   Code   RO         1847    CL$$btod_div_common  c_w.l(btod.o)
    0x08000dd0   0x000000c6   Code   RO         1844    CL$$btod_e2e        c_w.l(btod.o)
    0x08000e96   0x00000028   Code   RO         1841    CL$$btod_ediv       c_w.l(btod.o)
    0x08000ebe   0x00000028   Code   RO         1840    CL$$btod_emul       c_w.l(btod.o)
    0x08000ee6   0x00000244   Code   RO         1846    CL$$btod_mult_common  c_w.l(btod.o)
    0x0800112a   0x00000002   Code   RO          141    i.BusFault_Handler  stm32f10x_it.o
    0x0800112c   0x00000002   Code   RO          142    i.DebugMon_Handler  stm32f10x_it.o
    0x0800112e   0x0000009c   Code   RO          502    i.GPIO_Init         stm32f10x_gpio.o
    0x080011ca   0x00000004   Code   RO          510    i.GPIO_SetBits      stm32f10x_gpio.o
    0x080011ce   0x00000002   PAD
    0x080011d0   0x00000060   Code   RO          259    i.Get_temprature    max6675.o
    0x08001230   0x00000002   Code   RO          143    i.HardFault_Handler  stm32f10x_it.o
    0x08001232   0x00000002   PAD
    0x08001234   0x00000034   Code   RO          260    i.MAX6675_ReadByte  max6675.o
    0x08001268   0x00000002   Code   RO          144    i.MemManage_Handler  stm32f10x_it.o
    0x0800126a   0x00000002   Code   RO          145    i.NMI_Handler       stm32f10x_it.o
    0x0800126c   0x00000064   Code   RO          990    i.NVIC_Init         misc.o
    0x080012d0   0x00000014   Code   RO          991    i.NVIC_PriorityGroupConfig  misc.o
    0x080012e4   0x0000000c   Code   RO          283    i.PWM_Channel1_Set  pwm.o
    0x080012f0   0x0000000c   Code   RO          284    i.PWM_Channel2_Set  pwm.o
    0x080012fc   0x0000000c   Code   RO          285    i.PWM_Channel3_Set  pwm.o
    0x08001308   0x0000000c   Code   RO          286    i.PWM_Channel4_Set  pwm.o
    0x08001314   0x00000002   Code   RO          146    i.PendSV_Handler    stm32f10x_it.o
    0x08001316   0x00000002   PAD
    0x08001318   0x00000018   Code   RO          612    i.RCC_APB1PeriphClockCmd  stm32f10x_rcc.o
    0x08001330   0x00000018   Code   RO          614    i.RCC_APB2PeriphClockCmd  stm32f10x_rcc.o
    0x08001348   0x00000094   Code   RO          622    i.RCC_GetClocksFreq  stm32f10x_rcc.o
    0x080013dc   0x00000014   Code   RO         1031    i.SPI_Cmd           stm32f10x_spi.o
    0x080013f0   0x0000000e   Code   RO         1039    i.SPI_I2S_GetFlagStatus  stm32f10x_spi.o
    0x080013fe   0x00000004   Code   RO         1042    i.SPI_I2S_ReceiveData  stm32f10x_spi.o
    0x08001402   0x00000004   Code   RO         1043    i.SPI_I2S_SendData  stm32f10x_spi.o
    0x08001406   0x00000038   Code   RO         1044    i.SPI_Init          stm32f10x_spi.o
    0x0800143e   0x00000002   PAD
    0x08001440   0x00000094   Code   RO          261    i.SPI_MAX6675_Init  max6675.o
    0x080014d4   0x00000002   Code   RO          147    i.SVC_Handler       stm32f10x_it.o
    0x080014d6   0x00000002   PAD
    0x080014d8   0x000000a8   Code   RO          230    i.SetSysClockTo72   system_stm32f10x.o
    0x08001580   0x00000018   Code   RO          994    i.SysTick_CLKSourceConfig  misc.o
    0x08001598   0x00000002   Code   RO          148    i.SysTick_Handler   stm32f10x_it.o
    0x0800159a   0x00000002   PAD
    0x0800159c   0x00000050   Code   RO          232    i.SystemInit        system_stm32f10x.o
    0x080015ec   0x00000048   Code   RO          328    i.TIM3_IRQHandler   tim3.o
    0x08001634   0x00000060   Code   RO          329    i.TIM3_Int_Init     tim3.o
    0x08001694   0x00000054   Code   RO          287    i.TIM4_GPIO_Config  pwm.o
    0x080016e8   0x000000a8   Code   RO          288    i.TIM4_Mode_Config  pwm.o
    0x08001790   0x00000026   Code   RO          289    i.TIM4_PWM_Init     pwm.o
    0x080017b6   0x00000006   Code   RO         1179    i.TIM_ClearITPendingBit  stm32f10x_tim.o
    0x080017bc   0x00000014   Code   RO         1184    i.TIM_Cmd           stm32f10x_tim.o
    0x080017d0   0x00000018   Code   RO         1205    i.TIM_GetITStatus   stm32f10x_tim.o
    0x080017e8   0x00000010   Code   RO         1209    i.TIM_ITConfig      stm32f10x_tim.o
    0x080017f8   0x00000080   Code   RO         1213    i.TIM_OC1Init       stm32f10x_tim.o
    0x08001878   0x0000000c   Code   RO         1216    i.TIM_OC1PreloadConfig  stm32f10x_tim.o
    0x08001884   0x00000080   Code   RO         1218    i.TIM_OC2Init       stm32f10x_tim.o
    0x08001904   0x00000014   Code   RO         1221    i.TIM_OC2PreloadConfig  stm32f10x_tim.o
    0x08001918   0x0000007c   Code   RO         1223    i.TIM_OC3Init       stm32f10x_tim.o
    0x08001994   0x0000000c   Code   RO         1226    i.TIM_OC3PreloadConfig  stm32f10x_tim.o
    0x080019a0   0x00000064   Code   RO         1228    i.TIM_OC4Init       stm32f10x_tim.o
    0x08001a04   0x00000014   Code   RO         1230    i.TIM_OC4PreloadConfig  stm32f10x_tim.o
    0x08001a18   0x00000004   Code   RO         1245    i.TIM_SetCompare1   stm32f10x_tim.o
    0x08001a1c   0x00000004   Code   RO         1246    i.TIM_SetCompare2   stm32f10x_tim.o
    0x08001a20   0x00000004   Code   RO         1247    i.TIM_SetCompare3   stm32f10x_tim.o
    0x08001a24   0x00000006   Code   RO         1248    i.TIM_SetCompare4   stm32f10x_tim.o
    0x08001a2a   0x00000002   PAD
    0x08001a2c   0x0000009c   Code   RO         1255    i.TIM_TimeBaseInit  stm32f10x_tim.o
    0x08001ac8   0x00000024   Code   RO          437    i.USART1_IRQHandler  usart.o
    0x08001aec   0x00000014   Code   RO          814    i.USART_Cmd         stm32f10x_usart.o
    0x08001b00   0x0000003e   Code   RO          818    i.USART_GetITStatus  stm32f10x_usart.o
    0x08001b3e   0x00000030   Code   RO          820    i.USART_ITConfig    stm32f10x_usart.o
    0x08001b6e   0x00000002   PAD
    0x08001b70   0x000000ac   Code   RO          821    i.USART_Init        stm32f10x_usart.o
    0x08001c1c   0x00000008   Code   RO          828    i.USART_ReceiveData  stm32f10x_usart.o
    0x08001c24   0x00000002   Code   RO          149    i.UsageFault_Handler  stm32f10x_it.o
    0x08001c26   0x00000028   Code   RO         1870    i.__ARM_fpclassify  m_ws.l(fpclassify.o)
    0x08001c4e   0x00000002   Code   RO          438    i._sys_exit         usart.o
    0x08001c50   0x000000b0   Code   RO          364    i.dc_pid_calc       dc_pid.o
    0x08001d00   0x00000022   Code   RO          365    i.dc_pid_init       dc_pid.o
    0x08001d22   0x00000002   PAD
    0x08001d24   0x0000003c   Code   RO          382    i.delay_init        delay.o
    0x08001d60   0x00000018   Code   RO          439    i.fputc             usart.o
    0x08001d78   0x00000350   Code   RO          347    i.fuzzy             fuzzypid.o
    0x080020c8   0x00000170   Code   RO            1    i.main              main.o
    0x08002238   0x000000a0   Code   RO          440    i.uart_init         usart.o
    0x080022d8   0x0000002c   Code   RO         1864    locale$$code        c_w.l(lc_numeric_c.o)
    0x08002304   0x00000062   Code   RO         1739    x$fpl$d2f           fz_ws.l(d2f.o)
    0x08002366   0x00000002   PAD
    0x08002368   0x00000150   Code   RO         1741    x$fpl$dadd          fz_ws.l(daddsub_clz.o)
    0x080024b8   0x00000010   Code   RO         1793    x$fpl$dcheck1       fz_ws.l(dcheck1.o)
    0x080024c8   0x0000005e   Code   RO         1747    x$fpl$dfix          fz_ws.l(dfix.o)
    0x08002526   0x00000026   Code   RO         1751    x$fpl$dfltu         fz_ws.l(dflt_clz.o)
    0x0800254c   0x0000009c   Code   RO         1795    x$fpl$dnaninf       fz_ws.l(dnaninf.o)
    0x080025e8   0x0000000c   Code   RO         1797    x$fpl$dretinf       fz_ws.l(dretinf.o)
    0x080025f4   0x000001d4   Code   RO         1743    x$fpl$dsub          fz_ws.l(daddsub_clz.o)
    0x080027c8   0x00000056   Code   RO         1757    x$fpl$f2d           fz_ws.l(f2d.o)
    0x0800281e   0x00000002   PAD
    0x08002820   0x000000c4   Code   RO         1759    x$fpl$fadd          fz_ws.l(faddsub_clz.o)
    0x080028e4   0x0000000c   Code   RO         1799    x$fpl$fcheck1       fz_ws.l(fcheck1.o)
    0x080028f0   0x00000018   Code   RO         1801    x$fpl$fcmpinf       fz_ws.l(fcmpi.o)
    0x08002908   0x00000184   Code   RO         1766    x$fpl$fdiv          fz_ws.l(fdiv.o)
    0x08002a8c   0x0000003e   Code   RO         1769    x$fpl$ffixu         fz_ws.l(ffixu.o)
    0x08002aca   0x00000002   PAD
    0x08002acc   0x00000068   Code   RO         1773    x$fpl$fleqf         fz_ws.l(fleqf.o)
    0x08002b34   0x00000102   Code   RO         1775    x$fpl$fmul          fz_ws.l(fmul.o)
    0x08002c36   0x0000008c   Code   RO         1803    x$fpl$fnaninf       fz_ws.l(fnaninf.o)
    0x08002cc2   0x0000000a   Code   RO         1805    x$fpl$fretinf       fz_ws.l(fretinf.o)
    0x08002ccc   0x00000062   Code   RO         1777    x$fpl$frleqf        fz_ws.l(frleqf.o)
    0x08002d2e   0x00000014   Code   RO         1760    x$fpl$frsb          fz_ws.l(faddsub_clz.o)
    0x08002d42   0x00000002   PAD
    0x08002d44   0x000000ea   Code   RO         1761    x$fpl$fsub          fz_ws.l(faddsub_clz.o)
    0x08002e2e   0x00000004   Code   RO         1779    x$fpl$printf1       fz_ws.l(printf1.o)
    0x08002e32   0x00000064   Code   RO         1868    x$fpl$retnan        fz_ws.l(retnan.o)
    0x08002e96   0x0000005c   Code   RO         1781    x$fpl$scalbn        fz_ws.l(scalbn.o)
    0x08002ef2   0x0000004c   Code   RO         1783    x$fpl$scalbnf       fz_ws.l(scalbnf.o)
    0x08002f3e   0x00000030   Code   RO         1934    x$fpl$trapveneer    fz_ws.l(trapv.o)
    0x08002f6e   0x00000000   Code   RO         1807    x$fpl$usenofp       fz_ws.l(usenofp.o)
    0x08002f6e   0x00000002   PAD
    0x08002f70   0x0000024c   Data   RO          348    .constdata          fuzzypid.o
    0x080031bc   0x00000094   Data   RO         1835    .constdata          c_w.l(bigflt0.o)
    0x08003250   0x00000020   Data   RO         2010    Region$$Table       anon$$obj.o
    0x08003270   0x0000001c   Data   RO         1863    locale$$data        c_w.l(lc_numeric_c.o)


    Execution Region RW_IRAM1 (Base: 0x20000000, Size: 0x000006d0, Max: 0x00005000, ABSOLUTE)

    Base Addr    Size         Type   Attr      Idx    E Section Name        Object

    0x20000000   0x00000014   Data   RW            3    .data               main.o
    0x20000014   0x00000014   Data   RW          233    .data               system_stm32f10x.o
    0x20000028   0x00000004   Data   RW          385    .data               delay.o
    0x2000002c   0x00000004   Data   RW          443    .data               usart.o
    0x20000030   0x00000014   Data   RW          642    .data               stm32f10x_rcc.o
    0x20000044   0x0000002c   Zero   RW            2    .bss                main.o
    0x20000070   0x00000060   Zero   RW         1873    .bss                c_w.l(libspace.o)
    0x200000d0   0x00000200   Zero   RW          490    HEAP                startup_stm32f10x_md.o
    0x200002d0   0x00000400   Zero   RW          489    STACK               startup_stm32f10x_md.o


==============================================================================

Image component sizes


      Code (inc. data)   RO Data    RW Data    ZI Data      Debug   Object Name

       210          0          0          0          0       1712   dc_pid.o
        60         14          0          4          0        757   delay.o
       848         40        588          0          0       2416   fuzzypid.o
       368         52          0         20         44     260696   main.o
       296         34          0          0          0       1907   max6675.o
       144         16          0          0          0       2109   misc.o
       338         28          0          0          0       4096   pwm.o
        64         26        236          0       1536        824   startup_stm32f10x_md.o
       160          0          0          0          0       2379   stm32f10x_gpio.o
        18          0          0          0          0       4038   stm32f10x_it.o
       196         28          0         20          0       4546   stm32f10x_rcc.o
        98          0          0          0          0       3850   stm32f10x_spi.o
       784         90          0          0          0      11521   stm32f10x_tim.o
       310          6          0          0          0       4838   stm32f10x_usart.o
         0          0          0          0          0         32   sys.o
       248         24          0         20          0       1885   system_stm32f10x.o
       168         14          0          0          0       1202   tim3.o
       222         20          0          4          0       4192   usart.o

    ----------------------------------------------------------------------
      4550        392        856         68       1580     313000   Object Totals
         0          0         32          0          0          0   (incl. Generated)
        18          0          0          0          0          0   (incl. Padding)

    ----------------------------------------------------------------------

      Code (inc. data)   RO Data    RW Data    ZI Data      Debug   Library Member Name

         8          0          0          0          0         68   __main.o
       104          0          0          0          0         84   __printf.o
         0          0          0          0          0          0   __rtentry.o
        12          0          0          0          0          0   __rtentry2.o
         6          0          0          0          0          0   __rtentry4.o
        52          8          0          0          0          0   __scatter.o
        26          0          0          0          0          0   __scatter_copy.o
        28          0          0          0          0          0   __scatter_zi.o
        48          6          0          0          0         96   _printf_char_common.o
        36          4          0          0          0         80   _printf_char_file.o
         6          0          0          0          0          0   _printf_f.o
      1050          0          0          0          0        216   _printf_fp_dec.o
       128         16          0          0          0         84   _printf_fp_infnan.o
         0          0          0          0          0          0   _printf_percent.o
         4          0          0          0          0          0   _printf_percent_end.o
       220          4        148          0          0         96   bigflt0.o
      1910        128          0          0          0        672   btod.o
        12          0          0          0          0         72   exit.o
         8          0          0          0          0         68   ferror.o
         6          0          0          0          0        152   heapauxi.o
        44         10         28          0          0         76   lc_numeric_c.o
         2          0          0          0          0          0   libinit.o
        18          0          0          0          0          0   libinit2.o
         2          0          0          0          0          0   libshutdown.o
         2          0          0          0          0          0   libshutdown2.o
         8          4          0          0         96         68   libspace.o
       138          0          0          0          0         80   lludiv10.o
        24          4          0          0          0         84   noretval__2printf.o
         8          4          0          0          0         68   rt_locale_intlibspace.o
         2          0          0          0          0          0   rtexit.o
        10          0          0          0          0          0   rtexit2.o
       128          0          0          0          0         68   strcmpv7m.o
        74          0          0          0          0         80   sys_stackheap_outer.o
         2          0          0          0          0         68   use_no_semi.o
         2          0          0          0          0         68   use_no_semi_2.o
        98          4          0          0          0         92   d2f.o
       804         16          0          0          0        272   daddsub_clz.o
        16          4          0          0          0         68   dcheck1.o
        94          4          0          0          0         92   dfix.o
        38          0          0          0          0         68   dflt_clz.o
       156          4          0          0          0         92   dnaninf.o
        12          0          0          0          0         68   dretinf.o
        86          4          0          0          0         84   f2d.o
       450          8          0          0          0        236   faddsub_clz.o
        12          4          0          0          0         68   fcheck1.o
        24          0          0          0          0         68   fcmpi.o
       388         76          0          0          0         96   fdiv.o
        62          4          0          0          0         84   ffixu.o
       104          4          0          0          0         84   fleqf.o
       258          4          0          0          0         84   fmul.o
       140          4          0          0          0         84   fnaninf.o
        10          0          0          0          0         68   fretinf.o
        98          0          0          0          0         68   frleqf.o
         4          0          0          0          0         68   printf1.o
       100          0          0          0          0         68   retnan.o
        92          0          0          0          0         68   scalbn.o
        76          0          0          0          0         68   scalbnf.o
        48          0          0          0          0         68   trapv.o
         0          0          0          0          0          0   usenofp.o
        40          0          0          0          0         68   fpclassify.o

    ----------------------------------------------------------------------
      7358        328        176          0         96       4532   Library Totals
        20          0          0          0          0          0   (incl. Padding)

    ----------------------------------------------------------------------

      Code (inc. data)   RO Data    RW Data    ZI Data      Debug   Library Name

      4128        188        176          0         96       2348   c_w.l
      3170        140          0          0          0       2116   fz_ws.l
        40          0          0          0          0         68   m_ws.l

    ----------------------------------------------------------------------
      7358        328        176          0         96       4532   Library Totals

    ----------------------------------------------------------------------

==============================================================================


      Code (inc. data)   RO Data    RW Data    ZI Data      Debug   

     11908        720       1032         68       1676     311652   Grand Totals
     11908        720       1032         68       1676     311652   ELF Image Totals
     11908        720       1032         68          0          0   ROM Totals

==============================================================================

    Total RO  Size (Code + RO Data)                12940 (  12.64kB)
    Total RW  Size (RW Data + ZI Data)              1744 (   1.70kB)
    Total ROM Size (Code + RO Data + RW Data)      13008 (  12.70kB)

==============================================================================

